+2026-05-11 15:01:13,915 [0.0009989738464355469] boot INFO: Adding libs and mods folder to path
+2026-05-11 15:01:13,916 [0.0020003318786621094] boot INFO: Starting imports
+2026-05-11 15:01:17,699 [3.785616159439087] boot INFO: Starting Application, you wont be hearing from me anymore
+2026-05-11 15:01:18,034 [4.120110034942627] ui INFO: Main frame loaded
+2026-05-11 15:01:18,038 [4.124123573303223] service INFO: Checking if service is alive
+2026-05-11 15:01:18,588 [4.67449164390564] service INFO: Service is alive
+2026-05-11 15:01:18,589 [4.67449164390564] service INFO: Checking if service version is compatible
+2026-05-11 15:01:18,623 [4.708492994308472] app INFO: Checking login status
+2026-05-11 15:01:18,624 [4.709491014480591] app INFO: Starting background thread
+2026-05-11 15:01:18,625 [4.710490942001343] fetch INFO: Fetch task is online
+2026-05-11 15:01:18,656 [4.741778612136841] fetch INFO: Retrieving glucose data
+2026-05-11 15:01:18,704 [4.790367841720581] ui INFO: Window is active
+2026-05-11 15:01:19,119 [5.20466947555542] ui INFO: Change detected, updating display
+2026-05-11 15:01:20,121 [6.207008361816406] fetch INFO: Retrieving glucose data
+2026-05-11 15:01:21,605 [7.691083669662476] fetch INFO: Retrieving glucose data
+2026-05-11 15:01:22,970 [9.056077241897583] fetch INFO: Retrieving glucose data
+2026-05-11 15:01:24,510 [10.595881700515747] fetch INFO: Retrieving glucose data
+2026-05-11 15:01:25,991 [12.07709264755249] fetch INFO: Retrieving glucose data
+2026-05-11 15:01:27,419 [13.504472732543945] fetch INFO: Retrieving glucose data
+2026-05-11 15:01:28,879 [14.965381860733032] fetch INFO: Retrieving glucose data
+2026-05-11 15:01:30,324 [16.41032385826111] fetch INFO: Retrieving glucose data
+2026-05-11 15:01:31,874 [17.959438800811768] fetch INFO: Retrieving glucose data
+2026-05-11 15:01:34,214 [20.29953122138977] fetch INFO: Retrieving glucose data
+2026-05-11 15:01:35,258 [21.343448162078857] fetch INFO: Retrieving glucose data
+2026-05-11 15:01:35,572 [21.65778613090515] ui INFO: Change detected, updating display
+2026-05-11 15:01:36,574 [22.66061806678772] fetch INFO: Retrieving glucose data
+2026-05-11 15:01:37,875 [23.96072506904602] fetch INFO: Retrieving glucose data
+2026-05-11 15:01:39,183 [25.269285202026367] fetch INFO: Retrieving glucose data
+2026-05-11 15:01:40,465 [26.550605297088623] fetch INFO: Retrieving glucose data
+2026-05-11 15:01:41,790 [27.876111268997192] fetch INFO: Retrieving glucose data
+2026-05-11 15:01:43,106 [29.191878080368042] fetch INFO: Retrieving glucose data
+2026-05-11 15:01:44,407 [30.49275255203247] fetch INFO: Retrieving glucose data
+2026-05-11 15:01:45,692 [31.777445077896118] fetch INFO: Retrieving glucose data
+2026-05-11 15:01:46,909 [32.9958393573761] fetch INFO: Retrieving glucose data
+2026-05-11 15:01:48,190 [34.27615213394165] fetch INFO: Retrieving glucose data
+2026-05-11 15:01:49,452 [35.53791904449463] fetch INFO: Retrieving glucose data
+2026-05-11 15:01:50,706 [36.79182171821594] fetch INFO: Retrieving glucose data
+2026-05-11 15:01:51,991 [38.07665133476257] fetch INFO: Retrieving glucose data
+2026-05-11 15:01:53,259 [39.34469246864319] fetch INFO: Retrieving glucose data
+2026-05-11 15:01:54,568 [40.65388083457947] fetch INFO: Retrieving glucose data
+2026-05-11 15:01:55,796 [41.88222885131836] fetch INFO: Retrieving glucose data
+2026-05-11 15:01:57,100 [43.1855993270874] fetch INFO: Retrieving glucose data
+2026-05-11 15:01:58,369 [44.45501494407654] fetch INFO: Retrieving glucose data
+2026-05-11 15:01:59,664 [45.75101971626282] fetch INFO: Retrieving glucose data
+2026-05-11 15:02:00,973 [47.05898070335388] fetch INFO: Retrieving glucose data
+2026-05-11 15:02:02,281 [48.3673152923584] fetch INFO: Retrieving glucose data
+2026-05-11 15:02:03,544 [49.63085412979126] fetch INFO: Retrieving glucose data
+2026-05-11 15:02:04,839 [50.92472290992737] fetch INFO: Retrieving glucose data
+2026-05-11 15:02:06,251 [52.337093353271484] fetch INFO: Retrieving glucose data
+2026-05-11 15:02:07,538 [53.62418746948242] fetch INFO: Retrieving glucose data
+2026-05-11 15:02:08,799 [54.88534235954285] fetch INFO: Retrieving glucose data
+2026-05-11 15:02:10,034 [56.11975646018982] fetch INFO: Retrieving glucose data
+2026-05-11 15:02:11,290 [57.3755669593811] fetch INFO: Retrieving glucose data
+2026-05-11 15:02:12,560 [58.64623165130615] fetch INFO: Retrieving glucose data
+2026-05-11 15:02:13,850 [59.93549132347107] fetch INFO: Retrieving glucose data
+2026-05-11 15:02:15,131 [61.21647548675537] fetch INFO: Retrieving glucose data
+2026-05-11 15:02:16,411 [62.497137784957886] fetch INFO: Retrieving glucose data
+2026-05-11 15:02:17,829 [63.915255069732666] fetch INFO: Retrieving glucose data
+2026-05-11 15:02:19,133 [65.21926379203796] fetch INFO: Retrieving glucose data
+2026-05-11 15:02:20,390 [66.47695589065552] fetch INFO: Retrieving glucose data
+2026-05-11 15:02:22,399 [68.48519086837769] fetch INFO: Retrieving glucose data
+2026-05-11 15:02:23,453 [69.53932619094849] fetch INFO: Retrieving glucose data
+2026-05-11 15:02:24,552 [70.63822984695435] fetch INFO: Retrieving glucose data
+2026-05-11 15:02:24,842 [70.92812323570251] ui INFO: Change detected, updating display
+2026-05-11 15:02:25,851 [71.9371886253357] fetch INFO: Retrieving glucose data
+2026-05-11 15:02:27,146 [73.23149800300598] fetch INFO: Retrieving glucose data
+2026-05-11 15:02:28,418 [74.50373244285583] fetch INFO: Retrieving glucose data
+2026-05-11 15:02:29,650 [75.73615145683289] fetch INFO: Retrieving glucose data
+2026-05-11 15:02:30,917 [77.00267791748047] fetch INFO: Retrieving glucose data
+2026-05-11 15:02:32,172 [78.25778341293335] fetch INFO: Retrieving glucose data
+2026-05-11 15:02:33,429 [79.51503443717957] fetch INFO: Retrieving glucose data
+2026-05-11 15:02:34,665 [80.75104022026062] fetch INFO: Retrieving glucose data
+2026-05-11 15:02:35,952 [82.03798604011536] fetch INFO: Retrieving glucose data
+2026-05-11 15:02:37,366 [83.45185351371765] fetch INFO: Retrieving glucose data
+2026-05-11 15:02:38,783 [84.86858129501343] fetch INFO: Retrieving glucose data
+2026-05-11 15:02:40,224 [86.30954599380493] fetch INFO: Retrieving glucose data
+2026-05-11 15:02:41,762 [87.84831357002258] fetch INFO: Retrieving glucose data
+2026-05-11 15:02:43,189 [89.27533555030823] fetch INFO: Retrieving glucose data
+2026-05-11 15:02:44,667 [90.75246691703796] fetch INFO: Retrieving glucose data
+2026-05-11 15:02:46,105 [92.19083213806152] fetch INFO: Retrieving glucose data
+2026-05-11 15:02:47,569 [93.65447545051575] fetch INFO: Retrieving glucose data
+2026-05-11 15:02:48,822 [94.90749430656433] fetch INFO: Retrieving glucose data
+2026-05-11 15:02:50,088 [96.1739513874054] fetch INFO: Retrieving glucose data
+2026-05-11 15:02:51,390 [97.47563934326172] fetch INFO: Retrieving glucose data
+2026-05-11 15:02:52,664 [98.75004982948303] fetch INFO: Retrieving glucose data
+2026-05-11 15:02:53,901 [99.98684906959534] fetch INFO: Retrieving glucose data
+2026-05-11 15:02:55,163 [101.24843907356262] fetch INFO: Retrieving glucose data
+2026-05-11 15:02:56,387 [102.4725399017334] fetch INFO: Retrieving glucose data
+2026-05-11 15:02:57,653 [103.73869943618774] fetch INFO: Retrieving glucose data
+2026-05-11 15:02:58,931 [105.01724648475647] fetch INFO: Retrieving glucose data
+2026-05-11 15:03:00,205 [106.29194903373718] fetch INFO: Retrieving glucose data
+2026-05-11 15:03:01,469 [107.55528521537781] fetch INFO: Retrieving glucose data
+2026-05-11 15:03:02,731 [108.81700587272644] fetch INFO: Retrieving glucose data
+2026-05-11 15:03:03,988 [110.07467770576477] fetch INFO: Retrieving glucose data
+2026-05-11 15:03:05,302 [111.3879086971283] fetch INFO: Retrieving glucose data
+2026-05-11 15:03:11,367 [117.4532573223114] app ERROR: HTTPConnectionPool(host='127.0.0.1', port=49152): Max retries exceeded with url: /getIntent (Caused by NewConnectionError('<urllib3.connection.HTTPConnection object at 0x000002660ADE7170>: Failed to establish a new connection: [WinError 10061] No connection could be made because the target machine actively refused it'))
+2026-05-11 15:03:11,367 [117.4532573223114] fetch INFO: Retrieving glucose data
+2026-05-11 15:03:16,454 [122.53956174850464] app ERROR: HTTPConnectionPool(host='127.0.0.1', port=49152): Max retries exceeded with url: /getIntent (Caused by NewConnectionError('<urllib3.connection.HTTPConnection object at 0x000002660AE00350>: Failed to establish a new connection: [WinError 10061] No connection could be made because the target machine actively refused it'))
+2026-05-11 15:03:16,454 [122.53956174850464] fetch INFO: Retrieving glucose data
+2026-05-11 15:03:17,254 [123.33959698677063] service INFO: User not authenticated, authenticating
+2026-05-11 15:03:18,403 [124.48858428001404] service INFO: Authentication Successful
+2026-05-11 15:03:20,303 [126.38918876647949] fetch INFO: Retrieving glucose data
+2026-05-11 15:03:21,597 [127.68290638923645] fetch INFO: Retrieving glucose data
+2026-05-11 15:03:22,991 [129.07714128494263] fetch INFO: Retrieving glucose data
+2026-05-11 15:03:24,215 [130.3018021583557] fetch INFO: Retrieving glucose data
+2026-05-11 15:03:25,440 [131.52560353279114] fetch INFO: Retrieving glucose data
+2026-05-11 15:03:26,729 [132.81451392173767] fetch INFO: Retrieving glucose data
+2026-05-11 15:03:28,008 [134.09352111816406] fetch INFO: Retrieving glucose data
+2026-05-11 15:03:29,257 [135.34286403656006] fetch INFO: Retrieving glucose data
+2026-05-11 15:03:30,498 [136.58415961265564] fetch INFO: Retrieving glucose data
+2026-05-11 15:03:31,790 [137.87595057487488] fetch INFO: Retrieving glucose data
+2026-05-11 15:03:33,094 [139.18129634857178] fetch INFO: Retrieving glucose data
+2026-05-11 15:03:34,336 [140.42152953147888] fetch INFO: Retrieving glucose data
+2026-05-11 15:03:35,585 [141.67114853858948] fetch INFO: Retrieving glucose data
+2026-05-11 15:03:36,813 [142.89917373657227] fetch INFO: Retrieving glucose data
+2026-05-11 15:03:38,132 [144.21759223937988] fetch INFO: Retrieving glucose data
+2026-05-11 15:03:39,405 [145.49089932441711] fetch INFO: Retrieving glucose data
+2026-05-11 15:03:40,723 [146.80963015556335] fetch INFO: Retrieving glucose data
+2026-05-11 15:03:42,024 [148.10952877998352] fetch INFO: Retrieving glucose data
+2026-05-11 15:03:43,312 [149.39751601219177] fetch INFO: Retrieving glucose data
+2026-05-11 15:03:44,613 [150.69888472557068] fetch INFO: Retrieving glucose data
+2026-05-11 15:03:45,898 [151.98384809494019] fetch INFO: Retrieving glucose data
+2026-05-11 15:03:47,130 [153.21628594398499] fetch INFO: Retrieving glucose data
+2026-05-11 15:03:48,397 [154.48313236236572] fetch INFO: Retrieving glucose data
+2026-05-11 15:03:49,884 [155.97015237808228] fetch INFO: Retrieving glucose data
+2026-05-11 15:03:51,326 [157.41209387779236] fetch INFO: Retrieving glucose data
+2026-05-11 15:03:52,970 [159.0557780265808] fetch INFO: Retrieving glucose data
+2026-05-11 15:03:54,380 [160.46591448783875] fetch INFO: Retrieving glucose data
+2026-05-11 15:03:55,091 [161.17712211608887] ui INFO: Change detected, updating display
+2026-05-11 15:03:55,792 [161.87752723693848] fetch INFO: Retrieving glucose data
+2026-05-11 15:03:57,258 [163.34390997886658] fetch INFO: Retrieving glucose data
+2026-05-11 15:03:58,824 [164.90952157974243] fetch INFO: Retrieving glucose data
+2026-05-11 15:04:00,260 [166.34566187858582] fetch INFO: Retrieving glucose data
+2026-05-11 15:04:01,678 [167.76414394378662] fetch INFO: Retrieving glucose data
+2026-05-11 15:04:03,316 [169.40207147598267] fetch INFO: Retrieving glucose data
+2026-05-11 15:04:04,700 [170.78615260124207] fetch INFO: Retrieving glucose data
+2026-05-11 15:04:06,030 [172.11711311340332] fetch INFO: Retrieving glucose data
+2026-05-11 15:04:07,271 [173.3565068244934] fetch INFO: Retrieving glucose data
+2026-05-11 15:04:08,532 [174.61822628974915] fetch INFO: Retrieving glucose data
+2026-05-11 15:04:09,812 [175.898282289505] fetch INFO: Retrieving glucose data
+2026-05-11 15:04:11,114 [177.20008540153503] fetch INFO: Retrieving glucose data
+2026-05-11 15:04:13,287 [179.37241220474243] fetch INFO: Retrieving glucose data
+2026-05-11 15:04:14,598 [180.68390226364136] fetch INFO: Retrieving glucose data
+2026-05-11 15:04:15,857 [181.9433343410492] fetch INFO: Retrieving glucose data
+2026-05-11 15:04:17,104 [183.19010972976685] fetch INFO: Retrieving glucose data
+2026-05-11 15:04:18,405 [184.49114632606506] fetch INFO: Retrieving glucose data
+2026-05-11 15:04:19,681 [185.76697278022766] fetch INFO: Retrieving glucose data
+2026-05-11 15:04:20,961 [187.04704475402832] fetch INFO: Retrieving glucose data
+2026-05-11 15:04:22,245 [188.33045291900635] fetch INFO: Retrieving glucose data
+2026-05-11 15:04:23,501 [189.5870921611786] fetch INFO: Retrieving glucose data
+2026-05-11 15:04:24,801 [190.88671445846558] fetch INFO: Retrieving glucose data
+2026-05-11 15:04:26,041 [192.12654280662537] fetch INFO: Retrieving glucose data
+2026-05-11 15:04:27,324 [193.41001296043396] fetch INFO: Retrieving glucose data
+2026-05-11 15:04:28,604 [194.68984150886536] fetch INFO: Retrieving glucose data
+2026-05-11 15:04:29,921 [196.00674605369568] fetch INFO: Retrieving glucose data
+2026-05-11 15:04:31,199 [197.28469109535217] fetch INFO: Retrieving glucose data
+2026-05-11 15:04:32,510 [198.59580826759338] fetch INFO: Retrieving glucose data
+2026-05-11 15:04:33,760 [199.84617447853088] fetch INFO: Retrieving glucose data
+2026-05-11 15:04:34,994 [201.0802128314972] fetch INFO: Retrieving glucose data
+2026-05-11 15:04:36,250 [202.33729362487793] fetch INFO: Retrieving glucose data
+2026-05-11 15:04:37,476 [203.5614242553711] fetch INFO: Retrieving glucose data
+2026-05-11 15:04:38,770 [204.8556523323059] fetch INFO: Retrieving glucose data
+2026-05-11 15:04:40,041 [206.12697672843933] fetch INFO: Retrieving glucose data
+2026-05-11 15:04:41,313 [207.4003074169159] fetch INFO: Retrieving glucose data
+2026-05-11 15:04:42,600 [208.68631792068481] fetch INFO: Retrieving glucose data
+2026-05-11 15:04:43,911 [209.99711298942566] fetch INFO: Retrieving glucose data
+2026-05-11 15:04:45,158 [211.24392914772034] fetch INFO: Retrieving glucose data
+2026-05-11 15:04:46,415 [212.50075697898865] fetch INFO: Retrieving glucose data
+2026-05-11 15:04:47,678 [213.76388382911682] fetch INFO: Retrieving glucose data
+2026-05-11 15:04:48,938 [215.02338337898254] fetch INFO: Retrieving glucose data
+2026-05-11 15:04:50,463 [216.55006670951843] fetch INFO: Retrieving glucose data
+2026-05-11 15:04:51,752 [217.83758544921875] fetch INFO: Retrieving glucose data
+2026-05-11 15:04:53,013 [219.09878492355347] fetch INFO: Retrieving glucose data
+2026-05-11 15:04:54,310 [220.39597082138062] fetch INFO: Retrieving glucose data
+2026-05-11 15:04:55,572 [221.6574637889862] fetch INFO: Retrieving glucose data
+2026-05-11 15:04:56,825 [222.9113748073578] fetch INFO: Retrieving glucose data
+2026-05-11 15:04:58,073 [224.1589789390564] fetch INFO: Retrieving glucose data
+2026-05-11 15:04:59,440 [225.52539443969727] fetch INFO: Retrieving glucose data
+2026-05-11 15:05:00,686 [226.7719612121582] fetch INFO: Retrieving glucose data
+2026-05-11 15:05:01,955 [228.0411252975464] fetch INFO: Retrieving glucose data
+2026-05-11 15:05:03,231 [229.31701827049255] fetch INFO: Retrieving glucose data
+2026-05-11 15:05:04,552 [230.637433052063] fetch INFO: Retrieving glucose data
+2026-05-11 15:05:05,792 [231.8776786327362] fetch INFO: Retrieving glucose data
+2026-05-11 15:05:08,301 [234.38732051849365] fetch INFO: Retrieving glucose data
+2026-05-11 15:05:09,704 [235.78938627243042] fetch INFO: Retrieving glucose data
+2026-05-11 15:05:11,185 [237.2706024646759] fetch INFO: Retrieving glucose data
+2026-05-11 15:05:12,587 [238.67253971099854] fetch INFO: Retrieving glucose data
+2026-05-11 15:05:14,056 [240.1422164440155] fetch INFO: Retrieving glucose data
+2026-05-11 15:05:15,563 [241.6491162776947] fetch INFO: Retrieving glucose data
+2026-05-11 15:05:16,811 [242.89716386795044] fetch INFO: Retrieving glucose data
+2026-05-11 15:05:18,085 [244.17190837860107] fetch INFO: Retrieving glucose data
+2026-05-11 15:05:19,360 [245.44562339782715] fetch INFO: Retrieving glucose data
+2026-05-11 15:05:20,616 [246.70140528678894] fetch INFO: Retrieving glucose data
+2026-05-11 15:05:21,863 [247.9488651752472] fetch INFO: Retrieving glucose data
+2026-05-11 15:05:23,100 [249.18563151359558] fetch INFO: Retrieving glucose data
+2026-05-11 15:05:25,249 [251.33631491661072] fetch INFO: Retrieving glucose data
+2026-05-11 15:05:26,478 [252.56340861320496] fetch INFO: Retrieving glucose data
+2026-05-11 15:05:27,791 [253.87696266174316] fetch INFO: Retrieving glucose data
+2026-05-11 15:05:29,085 [255.17080450057983] fetch INFO: Retrieving glucose data
+2026-05-11 15:05:30,494 [256.57942056655884] fetch INFO: Retrieving glucose data
+2026-05-11 15:05:31,759 [257.8449115753174] fetch INFO: Retrieving glucose data
+2026-05-11 15:05:33,065 [259.15063285827637] fetch INFO: Retrieving glucose data
+2026-05-11 15:05:34,319 [260.40477418899536] fetch INFO: Retrieving glucose data
+2026-05-11 15:05:35,564 [261.6496593952179] fetch INFO: Retrieving glucose data
+2026-05-11 15:05:36,832 [262.9191336631775] fetch INFO: Retrieving glucose data
+2026-05-11 15:05:38,100 [264.18541955947876] fetch INFO: Retrieving glucose data
+2026-05-11 15:05:39,360 [265.4460697174072] fetch INFO: Retrieving glucose data
+2026-05-11 15:05:40,636 [266.7220706939697] fetch INFO: Retrieving glucose data
+2026-05-11 15:05:41,981 [268.0667476654053] fetch INFO: Retrieving glucose data
+2026-05-11 15:05:43,237 [269.3239862918854] fetch INFO: Retrieving glucose data
+2026-05-11 15:05:44,531 [270.61644101142883] fetch INFO: Retrieving glucose data
+2026-05-11 15:05:45,828 [271.9141972064972] fetch INFO: Retrieving glucose data
+2026-05-11 15:05:47,094 [273.179975271225] fetch INFO: Retrieving glucose data
+2026-05-11 15:05:48,374 [274.4600405693054] fetch INFO: Retrieving glucose data
+2026-05-11 15:05:49,596 [275.6816680431366] fetch INFO: Retrieving glucose data
+2026-05-11 15:05:50,891 [276.9764063358307] fetch INFO: Retrieving glucose data
+2026-05-11 15:05:52,143 [278.22925639152527] fetch INFO: Retrieving glucose data
+2026-05-11 15:05:53,441 [279.5270643234253] fetch INFO: Retrieving glucose data
+2026-05-11 15:05:54,657 [280.7427146434784] fetch INFO: Retrieving glucose data
+2026-05-11 15:05:55,975 [282.06087493896484] fetch INFO: Retrieving glucose data
+2026-05-11 15:05:57,219 [283.3045926094055] fetch INFO: Retrieving glucose data
+2026-05-11 15:05:58,471 [284.5567421913147] fetch INFO: Retrieving glucose data
+2026-05-11 15:05:59,726 [285.8117859363556] fetch INFO: Retrieving glucose data
+2026-05-11 15:06:00,990 [287.07548546791077] fetch INFO: Retrieving glucose data
+2026-05-11 15:06:02,289 [288.37598967552185] fetch INFO: Retrieving glucose data
+2026-05-11 15:06:03,575 [289.66055154800415] fetch INFO: Retrieving glucose data
+2026-05-11 15:06:04,884 [290.96943759918213] fetch INFO: Retrieving glucose data
+2026-05-11 15:06:06,142 [292.22834825515747] fetch INFO: Retrieving glucose data
+2026-05-11 15:06:07,421 [293.5066559314728] fetch INFO: Retrieving glucose data
+2026-05-11 15:06:10,720 [296.8061685562134] app ERROR: HTTPConnectionPool(host='127.0.0.1', port=49152): Max retries exceeded with url: /getIntent (Caused by NewConnectionError('<urllib3.connection.HTTPConnection object at 0x0000026615FA4B00>: Failed to establish a new connection: [WinError 10061] No connection could be made because the target machine actively refused it'))
+2026-05-11 15:06:10,722 [296.808185338974] fetch INFO: Retrieving glucose data
+2026-05-11 15:06:15,804 [301.8899304866791] app ERROR: HTTPConnectionPool(host='127.0.0.1', port=49152): Max retries exceeded with url: /getIntent (Caused by NewConnectionError('<urllib3.connection.HTTPConnection object at 0x0000026615FAA870>: Failed to establish a new connection: [WinError 10061] No connection could be made because the target machine actively refused it'))
+2026-05-11 15:06:15,805 [301.8909366130829] fetch INFO: Retrieving glucose data
+2026-05-11 15:06:16,609 [302.69525694847107] service INFO: User not authenticated, authenticating
+2026-05-11 15:06:16,807 [302.8924493789673] service INFO: Authentication Successful
+2026-05-11 15:06:17,813 [303.89913845062256] fetch INFO: Retrieving glucose data
+2026-05-11 15:06:17,823 [303.90853095054626] service INFO: User not authenticated, authenticating
+2026-05-11 15:06:18,070 [304.1556751728058] service INFO: Authentication Successful
+2026-05-11 15:06:19,079 [305.16497015953064] fetch INFO: Retrieving glucose data
+2026-05-11 15:06:19,087 [305.17296957969666] service INFO: User not authenticated, authenticating
+2026-05-11 15:06:19,334 [305.420289516449] service INFO: Authentication Successful
+2026-05-11 15:06:20,348 [306.43386363983154] fetch INFO: Retrieving glucose data
+2026-05-11 15:06:20,355 [306.442191362381] service INFO: User not authenticated, authenticating
+2026-05-11 15:06:20,546 [306.63162660598755] service INFO: Authentication Successful
+2026-05-11 15:06:21,554 [307.6400773525238] fetch INFO: Retrieving glucose data
+2026-05-11 15:06:21,579 [307.6650731563568] service INFO: User not authenticated, authenticating
+2026-05-11 15:06:21,783 [307.86910796165466] service INFO: Authentication Successful
+2026-05-11 15:06:22,793 [308.8791844844818] fetch INFO: Retrieving glucose data
+2026-05-11 15:06:22,805 [308.8911373615265] service INFO: User not authenticated, authenticating
+2026-05-11 15:06:23,009 [309.0952980518341] service INFO: Authentication Successful
+2026-05-11 15:06:24,020 [310.1062047481537] fetch INFO: Retrieving glucose data
+2026-05-11 15:06:24,044 [310.12945079803467] service INFO: User not authenticated, authenticating
+2026-05-11 15:06:24,244 [310.32995986938477] service INFO: Authentication Successful
+2026-05-11 15:06:25,258 [311.3437612056732] fetch INFO: Retrieving glucose data
+2026-05-11 15:06:25,269 [311.3550190925598] service INFO: User not authenticated, authenticating
+2026-05-11 15:06:25,459 [311.54463028907776] service INFO: Authentication Successful
+2026-05-11 15:06:26,468 [312.5544295310974] fetch INFO: Retrieving glucose data
+2026-05-11 15:06:26,476 [312.5614712238312] service INFO: User not authenticated, authenticating
+2026-05-11 15:06:26,692 [312.7777717113495] service INFO: Authentication Successful
+2026-05-11 15:06:27,700 [313.7861764431] fetch INFO: Retrieving glucose data
+2026-05-11 15:06:27,729 [313.8152697086334] service INFO: User not authenticated, authenticating
+2026-05-11 15:06:27,956 [314.04199504852295] service INFO: Authentication Successful
+2026-05-11 15:06:28,988 [315.0737748146057] fetch INFO: Retrieving glucose data
+2026-05-11 15:06:28,996 [315.08177375793457] service INFO: User not authenticated, authenticating
+2026-05-11 15:06:29,227 [315.31291604042053] service INFO: Authentication Successful
+2026-05-11 15:06:30,255 [316.3412094116211] fetch INFO: Retrieving glucose data
+2026-05-11 15:06:30,263 [316.34920167922974] service INFO: User not authenticated, authenticating
+2026-05-11 15:06:30,476 [316.56155920028687] service INFO: Authentication Successful
+2026-05-11 15:06:31,490 [317.5763280391693] fetch INFO: Retrieving glucose data
+2026-05-11 15:06:31,521 [317.60736441612244] service INFO: User not authenticated, authenticating
+2026-05-11 15:06:31,762 [317.8479046821594] service INFO: Authentication Successful
+2026-05-11 15:06:32,771 [318.8580861091614] fetch INFO: Retrieving glucose data
+2026-05-11 15:06:32,794 [318.880268573761] service INFO: User not authenticated, authenticating
+2026-05-11 15:06:33,005 [319.09043049812317] service INFO: Authentication Successful
+2026-05-11 15:06:34,011 [320.09701323509216] fetch INFO: Retrieving glucose data
+2026-05-11 15:06:34,028 [320.11416149139404] service INFO: User not authenticated, authenticating
+2026-05-11 15:06:34,232 [320.31902718544006] service INFO: Authentication Successful
+2026-05-11 15:06:35,241 [321.3269000053406] fetch INFO: Retrieving glucose data
+2026-05-11 15:06:35,261 [321.34690976142883] service INFO: User not authenticated, authenticating
+2026-05-11 15:06:35,482 [321.5675747394562] service INFO: Authentication Successful
+2026-05-11 15:06:36,522 [322.6081500053406] fetch INFO: Retrieving glucose data
+2026-05-11 15:06:36,556 [322.642071723938] service INFO: User not authenticated, authenticating
+2026-05-11 15:06:36,791 [322.8766665458679] service INFO: Authentication Successful
+2026-05-11 15:06:37,822 [323.9081120491028] fetch INFO: Retrieving glucose data
+2026-05-11 15:06:37,855 [323.9406590461731] service INFO: User not authenticated, authenticating
+2026-05-11 15:06:38,087 [324.1724851131439] service INFO: Authentication Successful
+2026-05-11 15:06:39,094 [325.18012595176697] fetch INFO: Retrieving glucose data
+2026-05-11 15:06:39,108 [325.1951811313629] service INFO: User not authenticated, authenticating
+2026-05-11 15:06:39,316 [325.40211749076843] service INFO: Authentication Successful
+2026-05-11 15:06:40,327 [326.4132037162781] fetch INFO: Retrieving glucose data
+2026-05-11 15:06:40,337 [326.4231975078583] service INFO: User not authenticated, authenticating
+2026-05-11 15:06:40,539 [326.6250422000885] service INFO: Authentication Successful
+2026-05-11 15:06:41,548 [327.63450360298157] fetch INFO: Retrieving glucose data
+2026-05-11 15:06:41,565 [327.65056681632996] service INFO: User not authenticated, authenticating
+2026-05-11 15:06:41,744 [327.82966780662537] service INFO: Authentication Successful
+2026-05-11 15:06:42,757 [328.842467546463] fetch INFO: Retrieving glucose data
+2026-05-11 15:06:42,792 [328.87760972976685] service INFO: User not authenticated, authenticating
+2026-05-11 15:06:42,989 [329.0745630264282] service INFO: Authentication Successful
+2026-05-11 15:06:43,999 [330.08462262153625] fetch INFO: Retrieving glucose data
+2026-05-11 15:06:44,020 [330.10561990737915] service INFO: User not authenticated, authenticating
+2026-05-11 15:06:44,309 [330.3952581882477] service INFO: Authentication Successful
+2026-05-11 15:06:45,317 [331.403107881546] fetch INFO: Retrieving glucose data
+2026-05-11 15:06:45,326 [331.41210770606995] service INFO: User not authenticated, authenticating
+2026-05-11 15:06:45,539 [331.62546133995056] service INFO: Authentication Successful
+2026-05-11 15:06:46,569 [332.65528893470764] fetch INFO: Retrieving glucose data
+2026-05-11 15:06:46,579 [332.6662802696228] service INFO: User not authenticated, authenticating
+2026-05-11 15:06:46,770 [332.85562896728516] service INFO: Authentication Successful
+2026-05-11 15:06:47,777 [333.86331367492676] fetch INFO: Retrieving glucose data
+2026-05-11 15:06:47,786 [333.8723495006561] service INFO: User not authenticated, authenticating
+2026-05-11 15:06:48,058 [334.1441402435303] service INFO: Authentication Successful
+2026-05-11 15:06:49,076 [335.16217279434204] fetch INFO: Retrieving glucose data
+2026-05-11 15:06:49,092 [335.1782031059265] service INFO: User not authenticated, authenticating
+2026-05-11 15:06:49,322 [335.40799283981323] service INFO: Authentication Successful
+2026-05-11 15:06:50,331 [336.41693663597107] fetch INFO: Retrieving glucose data
+2026-05-11 15:06:50,344 [336.4311158657074] service INFO: User not authenticated, authenticating
+2026-05-11 15:06:50,576 [336.6616196632385] service INFO: Authentication Successful
+2026-05-11 15:06:51,584 [337.6698172092438] fetch INFO: Retrieving glucose data
+2026-05-11 15:06:51,591 [337.67689538002014] service INFO: User not authenticated, authenticating
+2026-05-11 15:06:51,792 [337.87824845314026] service INFO: Authentication Successful
+2026-05-11 15:06:52,804 [338.8899521827698] fetch INFO: Retrieving glucose data
+2026-05-11 15:06:52,825 [338.91095066070557] service INFO: User not authenticated, authenticating
+2026-05-11 15:06:53,033 [339.11968302726746] service INFO: Authentication Successful
+2026-05-11 15:06:54,059 [340.14520597457886] fetch INFO: Retrieving glucose data
+2026-05-11 15:06:54,073 [340.15878033638] service INFO: User not authenticated, authenticating
+2026-05-11 15:06:54,286 [340.37179470062256] service INFO: Authentication Successful
+2026-05-11 15:06:55,324 [341.4097502231598] fetch INFO: Retrieving glucose data
+2026-05-11 15:06:55,357 [341.44315481185913] service INFO: User not authenticated, authenticating
+2026-05-11 15:06:55,583 [341.6686635017395] service INFO: Authentication Successful
+2026-05-11 15:06:56,604 [342.69006419181824] fetch INFO: Retrieving glucose data
+2026-05-11 15:06:56,613 [342.6990704536438] service INFO: User not authenticated, authenticating
+2026-05-11 15:06:56,810 [342.8957908153534] service INFO: Authentication Successful
+2026-05-11 15:06:57,818 [343.9043025970459] fetch INFO: Retrieving glucose data
+2026-05-11 15:06:57,846 [343.932324886322] service INFO: User not authenticated, authenticating
+2026-05-11 15:06:58,087 [344.1730422973633] service INFO: Authentication Successful
+2026-05-11 15:06:59,094 [345.1796622276306] fetch INFO: Retrieving glucose data
+2026-05-11 15:06:59,106 [345.1916596889496] service INFO: User not authenticated, authenticating
+2026-05-11 15:06:59,354 [345.44022965431213] service INFO: Authentication Successful
+2026-05-11 15:07:00,362 [346.4479012489319] fetch INFO: Retrieving glucose data
+2026-05-11 15:07:00,376 [346.4623601436615] service INFO: User not authenticated, authenticating
+2026-05-11 15:07:00,596 [346.68201541900635] service INFO: Authentication Successful
+2026-05-11 15:07:01,608 [347.69416403770447] fetch INFO: Retrieving glucose data
+2026-05-11 15:07:01,618 [347.70424723625183] service INFO: User not authenticated, authenticating
+2026-05-11 15:07:01,843 [347.92958760261536] service INFO: Authentication Successful
+2026-05-11 15:07:02,859 [348.9449305534363] fetch INFO: Retrieving glucose data
+2026-05-11 15:07:02,869 [348.9549126625061] service INFO: User not authenticated, authenticating
+2026-05-11 15:07:03,104 [349.19061970710754] service INFO: Authentication Successful
+2026-05-11 15:07:04,113 [350.19905066490173] fetch INFO: Retrieving glucose data
+2026-05-11 15:07:04,140 [350.22547221183777] service INFO: User not authenticated, authenticating
+2026-05-11 15:07:04,410 [350.49598026275635] service INFO: Authentication Successful
+2026-05-11 15:07:05,419 [351.50459837913513] fetch INFO: Retrieving glucose data
+2026-05-11 15:07:05,441 [351.52702236175537] service INFO: User not authenticated, authenticating
+2026-05-11 15:07:05,778 [351.8636898994446] service INFO: Authentication Successful
+2026-05-11 15:07:06,790 [352.87633514404297] fetch INFO: Retrieving glucose data
+2026-05-11 15:07:06,799 [352.88564133644104] service INFO: User not authenticated, authenticating
+2026-05-11 15:07:07,128 [353.21366119384766] service INFO: Authentication Successful
+2026-05-11 15:07:08,144 [354.2301359176636] fetch INFO: Retrieving glucose data
+2026-05-11 15:07:08,179 [354.2651352882385] service INFO: User not authenticated, authenticating
+2026-05-11 15:07:08,384 [354.4699332714081] service INFO: Authentication Successful
+2026-05-11 15:07:09,393 [355.4791224002838] fetch INFO: Retrieving glucose data
+2026-05-11 15:07:09,411 [355.4968638420105] service INFO: User not authenticated, authenticating
+2026-05-11 15:07:09,618 [355.7038290500641] service INFO: Authentication Successful
+2026-05-11 15:07:10,624 [356.70979475975037] fetch INFO: Retrieving glucose data
+2026-05-11 15:07:10,634 [356.7199602127075] service INFO: User not authenticated, authenticating
+2026-05-11 15:07:10,870 [356.95734763145447] service INFO: Authentication Successful
+2026-05-11 15:07:11,901 [357.9873423576355] fetch INFO: Retrieving glucose data
+2026-05-11 15:07:11,915 [358.0005214214325] service INFO: User not authenticated, authenticating
+2026-05-11 15:07:12,103 [358.1892898082733] service INFO: Authentication Successful
+2026-05-11 15:07:13,110 [359.19609212875366] fetch INFO: Retrieving glucose data
+2026-05-11 15:07:13,120 [359.20543026924133] service INFO: User not authenticated, authenticating
+2026-05-11 15:07:13,334 [359.42033767700195] service INFO: Authentication Successful
+2026-05-11 15:07:14,342 [360.42777037620544] fetch INFO: Retrieving glucose data
+2026-05-11 15:07:14,354 [360.4409701824188] service INFO: User not authenticated, authenticating
+2026-05-11 15:07:14,577 [360.662823677063] service INFO: Authentication Successful
+2026-05-11 15:07:15,595 [361.68087577819824] fetch INFO: Retrieving glucose data
+2026-05-11 15:07:15,607 [361.6928777694702] service INFO: User not authenticated, authenticating
+2026-05-11 15:07:15,791 [361.87679862976074] service INFO: Authentication Successful
+2026-05-11 15:07:16,805 [362.8910713195801] fetch INFO: Retrieving glucose data
+2026-05-11 15:07:16,817 [362.9024450778961] service INFO: User not authenticated, authenticating
+2026-05-11 15:07:17,929 [364.0155282020569] service INFO: Authentication Successful
+2026-05-11 15:07:18,958 [365.043790102005] fetch INFO: Retrieving glucose data
+2026-05-11 15:07:19,342 [365.427485704422] ui INFO: Change detected, updating display
+2026-05-11 15:07:20,330 [366.4157660007477] fetch INFO: Retrieving glucose data
+2026-05-11 15:07:21,736 [367.8222403526306] fetch INFO: Retrieving glucose data
+2026-05-11 15:07:23,197 [369.282897233963] fetch INFO: Retrieving glucose data
+2026-05-11 15:07:24,695 [370.78117752075195] fetch INFO: Retrieving glucose data
+2026-05-11 15:07:26,102 [372.18779468536377] fetch INFO: Retrieving glucose data
+2026-05-11 15:07:27,493 [373.5790686607361] fetch INFO: Retrieving glucose data
+2026-05-11 15:07:28,905 [374.99058508872986] fetch INFO: Retrieving glucose data
+2026-05-11 15:07:30,270 [376.35591769218445] fetch INFO: Retrieving glucose data
+2026-05-11 15:07:31,652 [377.7382056713104] fetch INFO: Retrieving glucose data
+2026-05-11 15:07:33,059 [379.14451932907104] fetch INFO: Retrieving glucose data
+2026-05-11 15:07:34,289 [380.37466311454773] fetch INFO: Retrieving glucose data
+2026-05-11 15:07:35,521 [381.6081573963165] fetch INFO: Retrieving glucose data
+2026-05-11 15:07:36,742 [382.8275864124298] fetch INFO: Retrieving glucose data
+2026-05-11 15:07:37,995 [384.08065819740295] fetch INFO: Retrieving glucose data
+2026-05-11 15:07:39,201 [385.2866678237915] fetch INFO: Retrieving glucose data
+2026-05-11 15:07:40,474 [386.5603504180908] fetch INFO: Retrieving glucose data
+2026-05-11 15:07:41,744 [387.8294315338135] fetch INFO: Retrieving glucose data
+2026-05-11 15:07:42,962 [389.0487837791443] fetch INFO: Retrieving glucose data
+2026-05-11 15:07:44,208 [390.2935085296631] fetch INFO: Retrieving glucose data
+2026-05-11 15:07:45,438 [391.5243103504181] fetch INFO: Retrieving glucose data
+2026-05-11 15:07:46,695 [392.7811486721039] fetch INFO: Retrieving glucose data
+2026-05-11 15:07:47,973 [394.0592210292816] fetch INFO: Retrieving glucose data
+2026-05-11 15:07:49,201 [395.2868754863739] fetch INFO: Retrieving glucose data
+2026-05-11 15:07:50,435 [396.5210027694702] fetch INFO: Retrieving glucose data
+2026-05-11 15:07:51,687 [397.7742223739624] fetch INFO: Retrieving glucose data
+2026-05-11 15:07:52,903 [398.98872995376587] fetch INFO: Retrieving glucose data
+2026-05-11 15:07:54,139 [400.22510027885437] fetch INFO: Retrieving glucose data
+2026-05-11 15:07:55,365 [401.45134925842285] fetch INFO: Retrieving glucose data
+2026-05-11 15:07:56,631 [402.71717405319214] fetch INFO: Retrieving glucose data
+2026-05-11 15:08:05,369 [411.45456075668335] app ERROR: HTTPConnectionPool(host='127.0.0.1', port=49152): Max retries exceeded with url: /getIntent (Caused by NewConnectionError('<urllib3.connection.HTTPConnection object at 0x0000026615FA4B90>: Failed to establish a new connection: [WinError 10061] No connection could be made because the target machine actively refused it'))
+2026-05-11 15:08:05,369 [411.45456075668335] fetch INFO: Retrieving glucose data
+2026-05-11 15:08:10,451 [416.5380711555481] app ERROR: HTTPConnectionPool(host='127.0.0.1', port=49152): Max retries exceeded with url: /getIntent (Caused by NewConnectionError('<urllib3.connection.HTTPConnection object at 0x0000026615FAA750>: Failed to establish a new connection: [WinError 10061] No connection could be made because the target machine actively refused it'))
+2026-05-11 15:08:10,452 [416.5380711555481] fetch INFO: Retrieving glucose data
+2026-05-11 15:08:15,532 [421.6179533004761] app ERROR: HTTPConnectionPool(host='127.0.0.1', port=49152): Max retries exceeded with url: /getIntent (Caused by NewConnectionError('<urllib3.connection.HTTPConnection object at 0x000002660AE33590>: Failed to establish a new connection: [WinError 10061] No connection could be made because the target machine actively refused it'))
+2026-05-11 15:08:15,532 [421.6179533004761] fetch INFO: Retrieving glucose data
+2026-05-11 15:08:20,602 [426.6883647441864] app ERROR: HTTPConnectionPool(host='127.0.0.1', port=49152): Max retries exceeded with url: /getIntent (Caused by NewConnectionError('<urllib3.connection.HTTPConnection object at 0x0000026615FA45C0>: Failed to establish a new connection: [WinError 10061] No connection could be made because the target machine actively refused it'))
+2026-05-11 15:08:20,602 [426.6883647441864] fetch INFO: Retrieving glucose data
+2026-05-11 15:08:24,769 [430.85459446907043] fetch INFO: Retrieving glucose data
+2026-05-11 15:08:45,831 [451.9166910648346] app ERROR: HTTPConnectionPool(host='127.0.0.1', port=49152): Read timed out. (read timeout=5)
+2026-05-11 15:08:45,832 [451.9176981449127] fetch INFO: Retrieving glucose data
+2026-05-11 15:08:48,701 [454.7870855331421] ui INFO: Change detected, updating display
+2026-05-11 15:08:49,839 [455.9249107837677] fetch INFO: Retrieving glucose data
+2026-05-11 15:08:54,063 [460.14856457710266] fetch INFO: Retrieving glucose data
+2026-05-11 15:08:57,481 [463.56667137145996] fetch INFO: Retrieving glucose data
+2026-05-11 15:09:01,541 [467.627153635025] fetch INFO: Retrieving glucose data
+2026-05-11 15:09:06,539 [472.6245982646942] fetch INFO: Retrieving glucose data
+2026-05-11 15:09:09,235 [475.32046484947205] fetch INFO: Retrieving glucose data
+2026-05-11 15:09:11,702 [477.7879626750946] fetch INFO: Retrieving glucose data
+2026-05-11 15:09:15,172 [481.25817918777466] fetch INFO: Retrieving glucose data
+2026-05-11 15:09:18,216 [484.3022665977478] fetch INFO: Retrieving glucose data
+2026-05-11 15:09:20,716 [486.80210065841675] fetch INFO: Retrieving glucose data
+2026-05-11 15:09:24,486 [490.5724377632141] fetch INFO: Retrieving glucose data
+2026-05-11 15:09:27,913 [493.99852776527405] app ERROR: HTTPConnectionPool(host='127.0.0.1', port=49152): Max retries exceeded with url: /getIntent (Caused by NewConnectionError('<urllib3.connection.HTTPConnection object at 0x0000026615FA7260>: Failed to establish a new connection: [WinError 10061] No connection could be made because the target machine actively refused it'))
+2026-05-11 15:09:27,913 [493.99852776527405] fetch INFO: Retrieving glucose data
+2026-05-11 15:09:33,014 [499.10011410713196] app ERROR: HTTPConnectionPool(host='127.0.0.1', port=49152): Max retries exceeded with url: /getIntent (Caused by NewConnectionError('<urllib3.connection.HTTPConnection object at 0x0000026615FAB170>: Failed to establish a new connection: [WinError 10061] No connection could be made because the target machine actively refused it'))
+2026-05-11 15:09:33,014 [499.10011410713196] fetch INFO: Retrieving glucose data
+2026-05-11 15:09:41,064 [507.15129232406616] app ERROR: HTTPConnectionPool(host='127.0.0.1', port=49152): Read timed out. (read timeout=5)
+2026-05-11 15:09:41,065 [507.15129232406616] fetch INFO: Retrieving glucose data
+2026-05-11 15:09:57,244 [523.3294229507446] fetch INFO: Retrieving glucose data
+2026-05-11 15:09:59,567 [525.6531364917755] ui INFO: Change detected, updating display
+2026-05-11 15:10:00,789 [526.8752183914185] fetch INFO: Retrieving glucose data
+2026-05-11 15:10:04,417 [530.5028400421143] fetch INFO: Retrieving glucose data
+2026-05-11 15:10:07,124 [533.2094442844391] fetch INFO: Retrieving glucose data
+2026-05-11 15:10:10,058 [536.1438267230988] fetch INFO: Retrieving glucose data
+2026-05-11 15:10:13,292 [539.377537727356] fetch INFO: Retrieving glucose data
+2026-05-11 15:10:15,231 [541.3173186779022] fetch INFO: Retrieving glucose data
+2026-05-11 15:10:17,191 [543.2763929367065] fetch INFO: Retrieving glucose data
+2026-05-11 15:10:19,179 [545.2651312351227] fetch INFO: Retrieving glucose data
+2026-05-11 15:10:21,081 [547.1668622493744] fetch INFO: Retrieving glucose data
+2026-05-11 15:10:23,101 [549.1869449615479] fetch INFO: Retrieving glucose data
+2026-05-11 15:10:24,974 [551.0601079463959] fetch INFO: Retrieving glucose data
+2026-05-11 15:10:26,819 [552.9053292274475] fetch INFO: Retrieving glucose data
+2026-05-11 15:10:28,692 [554.7776975631714] fetch INFO: Retrieving glucose data
+2026-05-11 15:10:30,517 [556.6026916503906] fetch INFO: Retrieving glucose data
+2026-05-11 15:10:31,916 [558.0028808116913] fetch INFO: Retrieving glucose data
+2026-05-11 15:10:33,813 [559.898585319519] fetch INFO: Retrieving glucose data
+2026-05-11 15:10:35,741 [561.8272435665131] fetch INFO: Retrieving glucose data
+2026-05-11 15:10:37,747 [563.8325037956238] fetch INFO: Retrieving glucose data
+2026-05-11 15:10:39,634 [565.7202639579773] fetch INFO: Retrieving glucose data
+2026-05-11 15:10:41,543 [567.6308226585388] fetch INFO: Retrieving glucose data
+2026-05-11 15:10:43,442 [569.5274028778076] fetch INFO: Retrieving glucose data
+2026-05-11 15:10:45,291 [571.3767437934875] fetch INFO: Retrieving glucose data
+2026-05-11 15:10:47,241 [573.3271124362946] fetch INFO: Retrieving glucose data
+2026-05-11 15:10:49,091 [575.1768567562103] fetch INFO: Retrieving glucose data
+2026-05-11 15:10:51,080 [577.1655633449554] fetch INFO: Retrieving glucose data
+2026-05-11 15:10:53,044 [579.1296942234039] fetch INFO: Retrieving glucose data
+2026-05-11 15:10:54,921 [581.0064082145691] fetch INFO: Retrieving glucose data
+2026-05-11 15:10:56,832 [582.9180476665497] fetch INFO: Retrieving glucose data
+2026-05-11 15:10:58,895 [584.9813711643219] fetch INFO: Retrieving glucose data
+2026-05-11 15:11:00,849 [586.9345269203186] fetch INFO: Retrieving glucose data
+2026-05-11 15:11:02,788 [588.8741991519928] fetch INFO: Retrieving glucose data
+2026-05-11 15:11:04,752 [590.8377027511597] fetch INFO: Retrieving glucose data
+2026-05-11 15:11:06,680 [592.7659075260162] fetch INFO: Retrieving glucose data
+2026-05-11 15:11:08,565 [594.6507833003998] fetch INFO: Retrieving glucose data
+2026-05-11 15:11:10,481 [596.5670027732849] fetch INFO: Retrieving glucose data
+2026-05-11 15:11:12,459 [598.5448729991913] fetch INFO: Retrieving glucose data
+2026-05-11 15:11:14,432 [600.517707824707] fetch INFO: Retrieving glucose data
+2026-05-11 15:11:16,239 [602.3244314193726] ui INFO: Change detected, updating display
+2026-05-11 15:11:17,506 [603.5920977592468] fetch INFO: Retrieving glucose data
+2026-05-11 15:11:20,610 [606.6956355571747] fetch INFO: Retrieving glucose data
+2026-05-11 15:11:24,154 [610.2411015033722] fetch INFO: Retrieving glucose data
+2026-05-11 15:11:26,429 [612.5150582790375] fetch INFO: Retrieving glucose data
+2026-05-11 15:11:30,712 [616.7979395389557] fetch INFO: Retrieving glucose data
+2026-05-11 15:11:34,823 [620.9091067314148] fetch INFO: Retrieving glucose data
+2026-05-11 15:11:38,120 [624.2068455219269] fetch INFO: Retrieving glucose data
+2026-05-11 15:11:41,227 [627.3132181167603] fetch INFO: Retrieving glucose data
+2026-05-11 15:11:45,856 [631.9420876502991] fetch INFO: Retrieving glucose data
+2026-05-11 15:11:50,349 [636.4352676868439] fetch INFO: Retrieving glucose data
+2026-05-11 15:11:52,380 [638.4658198356628] fetch INFO: Retrieving glucose data
+2026-05-11 15:11:54,354 [640.4399378299713] fetch INFO: Retrieving glucose data
+2026-05-11 15:11:56,454 [642.5398881435394] fetch INFO: Retrieving glucose data
+2026-05-11 15:11:58,394 [644.4796085357666] fetch INFO: Retrieving glucose data
+2026-05-11 15:12:00,380 [646.4658026695251] fetch INFO: Retrieving glucose data
+2026-05-11 15:12:02,354 [648.440042257309] fetch INFO: Retrieving glucose data
+2026-05-11 15:12:04,460 [650.5455574989319] fetch INFO: Retrieving glucose data
+2026-05-11 15:12:06,332 [652.4178504943848] fetch INFO: Retrieving glucose data
+2026-05-11 15:12:08,335 [654.4221868515015] fetch INFO: Retrieving glucose data
+2026-05-11 15:12:10,238 [656.324164390564] fetch INFO: Retrieving glucose data
+2026-05-11 15:12:12,129 [658.2145392894745] fetch INFO: Retrieving glucose data
+2026-05-11 15:12:14,054 [660.1395790576935] fetch INFO: Retrieving glucose data
+2026-05-11 15:12:15,963 [662.0484614372253] fetch INFO: Retrieving glucose data
+2026-05-11 15:12:17,897 [663.9824159145355] fetch INFO: Retrieving glucose data
+2026-05-11 15:12:19,758 [665.843668460846] fetch INFO: Retrieving glucose data
+2026-05-11 15:12:21,648 [667.7334470748901] fetch INFO: Retrieving glucose data
+2026-05-11 15:12:23,636 [669.7216765880585] fetch INFO: Retrieving glucose data
+2026-05-11 15:12:25,413 [671.4984753131866] fetch INFO: Retrieving glucose data
+2026-05-11 15:12:27,341 [673.4270377159119] fetch INFO: Retrieving glucose data
+2026-05-11 15:12:29,267 [675.3528974056244] fetch INFO: Retrieving glucose data
+2026-05-11 15:12:31,055 [677.1406240463257] fetch INFO: Retrieving glucose data
+2026-05-11 15:12:32,456 [678.541656255722] fetch INFO: Retrieving glucose data
+2026-05-11 15:12:34,353 [680.4391362667084] fetch INFO: Retrieving glucose data
+2026-05-11 15:12:36,591 [682.6765384674072] fetch INFO: Retrieving glucose data
+2026-05-11 15:12:38,537 [684.6229200363159] fetch INFO: Retrieving glucose data
+2026-05-11 15:12:40,420 [686.5059852600098] fetch INFO: Retrieving glucose data
+2026-05-11 15:12:42,440 [688.5261833667755] fetch INFO: Retrieving glucose data
+2026-05-11 15:12:44,364 [690.4501731395721] fetch INFO: Retrieving glucose data
+2026-05-11 15:12:46,295 [692.3812456130981] fetch INFO: Retrieving glucose data
+2026-05-11 15:12:48,221 [694.3072612285614] fetch INFO: Retrieving glucose data
+2026-05-11 15:12:50,083 [696.1683897972107] fetch INFO: Retrieving glucose data
+2026-05-11 15:12:54,161 [700.2468912601471] fetch INFO: Retrieving glucose data
+2026-05-11 15:12:58,427 [704.5125215053558] fetch INFO: Retrieving glucose data
+2026-05-11 15:13:01,307 [707.3927445411682] fetch INFO: Retrieving glucose data
+2026-05-11 15:13:04,567 [710.6532213687897] fetch INFO: Retrieving glucose data
+2026-05-11 15:13:08,190 [714.2761950492859] fetch INFO: Retrieving glucose data
+2026-05-11 15:13:12,316 [718.4023189544678] fetch INFO: Retrieving glucose data
+2026-05-11 15:13:14,879 [720.9649209976196] fetch INFO: Retrieving glucose data
+2026-05-11 15:13:18,675 [724.7606279850006] fetch INFO: Retrieving glucose data
+2026-05-11 15:13:21,755 [727.8412137031555] fetch INFO: Retrieving glucose data
+2026-05-11 15:13:25,116 [731.2020795345306] fetch INFO: Retrieving glucose data
+2026-05-11 15:13:27,825 [733.9104409217834] fetch INFO: Retrieving glucose data
+2026-05-11 15:13:29,698 [735.7837581634521] fetch INFO: Retrieving glucose data
+2026-05-11 15:13:31,505 [737.590580701828] fetch INFO: Retrieving glucose data
+2026-05-11 15:13:33,001 [739.0871262550354] fetch INFO: Retrieving glucose data
+2026-05-11 15:13:34,819 [740.9046311378479] fetch INFO: Retrieving glucose data
+2026-05-11 15:13:36,737 [742.822940826416] fetch INFO: Retrieving glucose data
+2026-05-11 15:13:38,647 [744.7333738803864] fetch INFO: Retrieving glucose data
+2026-05-11 15:13:40,455 [746.5405540466309] fetch INFO: Retrieving glucose data
+2026-05-11 15:13:42,341 [748.4273257255554] fetch INFO: Retrieving glucose data
+2026-05-11 15:13:44,202 [750.2874071598053] fetch INFO: Retrieving glucose data
+2026-05-11 15:13:46,019 [752.1051054000854] fetch INFO: Retrieving glucose data
+2026-05-11 15:13:47,938 [754.0243082046509] fetch INFO: Retrieving glucose data
+2026-05-11 15:13:49,887 [755.973005771637] fetch INFO: Retrieving glucose data
+2026-05-11 15:13:51,776 [757.8623623847961] fetch INFO: Retrieving glucose data
+2026-05-11 15:13:53,650 [759.7357890605927] fetch INFO: Retrieving glucose data
+2026-05-11 15:13:55,624 [761.7098228931427] fetch INFO: Retrieving glucose data
+2026-05-11 15:13:58,191 [764.2765989303589] fetch INFO: Retrieving glucose data
+2026-05-11 15:14:00,040 [766.1263158321381] fetch INFO: Retrieving glucose data
+2026-05-11 15:14:02,041 [768.1267924308777] fetch INFO: Retrieving glucose data
+2026-05-11 15:14:03,946 [770.0318756103516] fetch INFO: Retrieving glucose data
+2026-05-11 15:14:05,904 [771.9894909858704] fetch INFO: Retrieving glucose data
+2026-05-11 15:14:07,858 [773.9439923763275] fetch INFO: Retrieving glucose data
+2026-05-11 15:14:09,815 [775.9010002613068] fetch INFO: Retrieving glucose data
+2026-05-11 15:14:13,634 [779.7198452949524] app ERROR: HTTPConnectionPool(host='127.0.0.1', port=49152): Max retries exceeded with url: /getIntent (Caused by NewConnectionError('<urllib3.connection.HTTPConnection object at 0x0000026615FA4F50>: Failed to establish a new connection: [WinError 10061] No connection could be made because the target machine actively refused it'))
+2026-05-11 15:14:13,634 [779.7198452949524] fetch INFO: Retrieving glucose data
+2026-05-11 15:14:18,751 [784.837057352066] app ERROR: HTTPConnectionPool(host='127.0.0.1', port=49152): Max retries exceeded with url: /getIntent (Caused by NewConnectionError('<urllib3.connection.HTTPConnection object at 0x0000026615FA5790>: Failed to establish a new connection: [WinError 10061] No connection could be made because the target machine actively refused it'))
+2026-05-11 15:14:18,751 [784.837057352066] fetch INFO: Retrieving glucose data
+2026-05-11 15:14:23,864 [789.950297832489] app ERROR: HTTPConnectionPool(host='127.0.0.1', port=49152): Max retries exceeded with url: /getIntent (Caused by NewConnectionError('<urllib3.connection.HTTPConnection object at 0x0000026615FAB650>: Failed to establish a new connection: [WinError 10061] No connection could be made because the target machine actively refused it'))
+2026-05-11 15:14:23,865 [789.9513189792633] fetch INFO: Retrieving glucose data
+2026-05-11 15:14:28,953 [795.0394790172577] app ERROR: HTTPConnectionPool(host='127.0.0.1', port=49152): Max retries exceeded with url: /getIntent (Caused by NewConnectionError('<urllib3.connection.HTTPConnection object at 0x0000026615FA73B0>: Failed to establish a new connection: [WinError 10061] No connection could be made because the target machine actively refused it'))
+2026-05-11 15:14:28,954 [795.0394790172577] fetch INFO: Retrieving glucose data
+2026-05-11 15:14:34,039 [800.1250882148743] app ERROR: HTTPConnectionPool(host='127.0.0.1', port=49152): Max retries exceeded with url: /getIntent (Caused by NewConnectionError('<urllib3.connection.HTTPConnection object at 0x0000026615FA7B90>: Failed to establish a new connection: [WinError 10061] No connection could be made because the target machine actively refused it'))
+2026-05-11 15:14:34,039 [800.1250882148743] fetch INFO: Retrieving glucose data
+2026-05-11 15:14:39,145 [805.2312760353088] app ERROR: HTTPConnectionPool(host='127.0.0.1', port=49152): Max retries exceeded with url: /getIntent (Caused by NewConnectionError('<urllib3.connection.HTTPConnection object at 0x0000026615FA9550>: Failed to establish a new connection: [WinError 10061] No connection could be made because the target machine actively refused it'))
+2026-05-11 15:14:39,146 [805.2322826385498] fetch INFO: Retrieving glucose data
+2026-05-11 15:14:44,219 [810.3048939704895] app ERROR: HTTPConnectionPool(host='127.0.0.1', port=49152): Max retries exceeded with url: /getIntent (Caused by NewConnectionError('<urllib3.connection.HTTPConnection object at 0x0000026615FA7920>: Failed to establish a new connection: [WinError 10061] No connection could be made because the target machine actively refused it'))
+2026-05-11 15:14:44,219 [810.3048939704895] fetch INFO: Retrieving glucose data
+2026-05-11 15:14:49,317 [815.4024200439453] app ERROR: HTTPConnectionPool(host='127.0.0.1', port=49152): Max retries exceeded with url: /getIntent (Caused by NewConnectionError('<urllib3.connection.HTTPConnection object at 0x0000026615FA57C0>: Failed to establish a new connection: [WinError 10061] No connection could be made because the target machine actively refused it'))
+2026-05-11 15:14:49,317 [815.4024200439453] fetch INFO: Retrieving glucose data
+2026-05-11 15:14:54,378 [820.4644575119019] app ERROR: HTTPConnectionPool(host='127.0.0.1', port=49152): Max retries exceeded with url: /getIntent (Caused by NewConnectionError('<urllib3.connection.HTTPConnection object at 0x0000026615FA8B60>: Failed to establish a new connection: [WinError 10061] No connection could be made because the target machine actively refused it'))
+2026-05-11 15:14:54,379 [820.4644575119019] fetch INFO: Retrieving glucose data
+2026-05-11 15:14:59,454 [825.5400626659393] app ERROR: HTTPConnectionPool(host='127.0.0.1', port=49152): Max retries exceeded with url: /getIntent (Caused by NewConnectionError('<urllib3.connection.HTTPConnection object at 0x0000026615FA6390>: Failed to establish a new connection: [WinError 10061] No connection could be made because the target machine actively refused it'))
+2026-05-11 15:14:59,454 [825.5400626659393] fetch INFO: Retrieving glucose data
+2026-05-11 15:15:04,519 [830.6049959659576] app ERROR: HTTPConnectionPool(host='127.0.0.1', port=49152): Max retries exceeded with url: /getIntent (Caused by NewConnectionError('<urllib3.connection.HTTPConnection object at 0x0000026615FB37A0>: Failed to establish a new connection: [WinError 10061] No connection could be made because the target machine actively refused it'))
+2026-05-11 15:15:04,519 [830.6049959659576] fetch INFO: Retrieving glucose data
+2026-05-11 15:15:09,599 [835.6846237182617] app ERROR: HTTPConnectionPool(host='127.0.0.1', port=49152): Max retries exceeded with url: /getIntent (Caused by NewConnectionError('<urllib3.connection.HTTPConnection object at 0x0000026615FAB890>: Failed to establish a new connection: [WinError 10061] No connection could be made because the target machine actively refused it'))
+2026-05-11 15:15:09,599 [835.6846237182617] fetch INFO: Retrieving glucose data
+2026-05-11 15:15:14,689 [840.7750170230865] app ERROR: HTTPConnectionPool(host='127.0.0.1', port=49152): Max retries exceeded with url: /getIntent (Caused by NewConnectionError('<urllib3.connection.HTTPConnection object at 0x0000026615FA49B0>: Failed to establish a new connection: [WinError 10061] No connection could be made because the target machine actively refused it'))
+2026-05-11 15:15:14,689 [840.7750170230865] fetch INFO: Retrieving glucose data
+2026-05-11 15:15:19,767 [845.8530576229095] app ERROR: HTTPConnectionPool(host='127.0.0.1', port=49152): Max retries exceeded with url: /getIntent (Caused by NewConnectionError('<urllib3.connection.HTTPConnection object at 0x0000026615FA4C80>: Failed to establish a new connection: [WinError 10061] No connection could be made because the target machine actively refused it'))
+2026-05-11 15:15:19,767 [845.8530576229095] fetch INFO: Retrieving glucose data
+2026-05-11 15:15:24,829 [850.914959192276] app ERROR: HTTPConnectionPool(host='127.0.0.1', port=49152): Max retries exceeded with url: /getIntent (Caused by NewConnectionError('<urllib3.connection.HTTPConnection object at 0x0000026615FA7D70>: Failed to establish a new connection: [WinError 10061] No connection could be made because the target machine actively refused it'))
+2026-05-11 15:15:24,829 [850.914959192276] fetch INFO: Retrieving glucose data
+2026-05-11 15:15:29,896 [855.9833889007568] app ERROR: HTTPConnectionPool(host='127.0.0.1', port=49152): Max retries exceeded with url: /getIntent (Caused by NewConnectionError('<urllib3.connection.HTTPConnection object at 0x0000026615FA7380>: Failed to establish a new connection: [WinError 10061] No connection could be made because the target machine actively refused it'))
+2026-05-11 15:15:29,898 [855.9833889007568] fetch INFO: Retrieving glucose data
+2026-05-11 15:15:35,019 [861.1049511432648] app ERROR: HTTPConnectionPool(host='127.0.0.1', port=49152): Max retries exceeded with url: /getIntent (Caused by NewConnectionError('<urllib3.connection.HTTPConnection object at 0x0000026615FAA270>: Failed to establish a new connection: [WinError 10061] No connection could be made because the target machine actively refused it'))
+2026-05-11 15:15:35,019 [861.1049511432648] fetch INFO: Retrieving glucose data
+2026-05-11 15:15:40,091 [866.1767454147339] app ERROR: HTTPConnectionPool(host='127.0.0.1', port=49152): Max retries exceeded with url: /getIntent (Caused by NewConnectionError('<urllib3.connection.HTTPConnection object at 0x000002660AE32FC0>: Failed to establish a new connection: [WinError 10061] No connection could be made because the target machine actively refused it'))
+2026-05-11 15:15:40,093 [866.1787626743317] fetch INFO: Retrieving glucose data
+2026-05-11 15:15:45,155 [871.241170167923] app ERROR: HTTPConnectionPool(host='127.0.0.1', port=49152): Max retries exceeded with url: /getIntent (Caused by NewConnectionError('<urllib3.connection.HTTPConnection object at 0x0000026615FA4650>: Failed to establish a new connection: [WinError 10061] No connection could be made because the target machine actively refused it'))
+2026-05-11 15:15:45,155 [871.241170167923] fetch INFO: Retrieving glucose data
+2026-05-11 15:15:50,245 [876.330858707428] app ERROR: HTTPConnectionPool(host='127.0.0.1', port=49152): Max retries exceeded with url: /getIntent (Caused by NewConnectionError('<urllib3.connection.HTTPConnection object at 0x0000026615FAA960>: Failed to establish a new connection: [WinError 10061] No connection could be made because the target machine actively refused it'))
+2026-05-11 15:15:50,246 [876.3318448066711] fetch INFO: Retrieving glucose data
+2026-05-11 15:15:55,329 [881.4146068096161] app ERROR: HTTPConnectionPool(host='127.0.0.1', port=49152): Max retries exceeded with url: /getIntent (Caused by NewConnectionError('<urllib3.connection.HTTPConnection object at 0x0000026615FA5C10>: Failed to establish a new connection: [WinError 10061] No connection could be made because the target machine actively refused it'))
+2026-05-11 15:15:55,330 [881.4156534671783] fetch INFO: Retrieving glucose data
+2026-05-11 15:16:00,414 [886.5001089572906] app ERROR: HTTPConnectionPool(host='127.0.0.1', port=49152): Max retries exceeded with url: /getIntent (Caused by NewConnectionError('<urllib3.connection.HTTPConnection object at 0x0000026615FA5D00>: Failed to establish a new connection: [WinError 10061] No connection could be made because the target machine actively refused it'))
+2026-05-11 15:16:00,414 [886.5018754005432] fetch INFO: Retrieving glucose data
+2026-05-11 15:16:05,477 [891.5626266002655] app ERROR: HTTPConnectionPool(host='127.0.0.1', port=49152): Max retries exceeded with url: /getIntent (Caused by NewConnectionError('<urllib3.connection.HTTPConnection object at 0x0000026615FAA870>: Failed to establish a new connection: [WinError 10061] No connection could be made because the target machine actively refused it'))
+2026-05-11 15:16:05,477 [891.5626266002655] fetch INFO: Retrieving glucose data
+2026-05-11 15:16:10,570 [896.6564161777496] app ERROR: HTTPConnectionPool(host='127.0.0.1', port=49152): Max retries exceeded with url: /getIntent (Caused by NewConnectionError('<urllib3.connection.HTTPConnection object at 0x0000026615FA5DC0>: Failed to establish a new connection: [WinError 10061] No connection could be made because the target machine actively refused it'))
+2026-05-11 15:16:10,572 [896.6574106216431] fetch INFO: Retrieving glucose data
+2026-05-11 15:16:15,221 [901.3070576190948] fetch INFO: Retrieving glucose data
+2026-05-11 15:16:36,263 [922.3493402004242] app ERROR: HTTPConnectionPool(host='127.0.0.1', port=49152): Read timed out. (read timeout=5)
+2026-05-11 15:16:36,264 [922.3503398895264] fetch INFO: Retrieving glucose data
+2026-05-11 15:16:39,565 [925.6517686843872] ui INFO: Change detected, updating display
+2026-05-11 15:16:40,855 [926.941324710846] fetch INFO: Retrieving glucose data
+2026-05-11 15:16:44,589 [930.6755864620209] fetch INFO: Retrieving glucose data
+2026-05-11 15:16:47,473 [933.5589690208435] fetch INFO: Retrieving glucose data
+2026-05-11 15:16:50,621 [936.7072529792786] fetch INFO: Retrieving glucose data
+2026-05-11 15:16:54,608 [940.6938788890839] fetch INFO: Retrieving glucose data
+2026-05-11 15:16:57,595 [943.68053150177] fetch INFO: Retrieving glucose data
+2026-05-11 15:17:01,089 [947.1753134727478] fetch INFO: Retrieving glucose data
+2026-05-11 15:17:04,800 [950.8860862255096] fetch INFO: Retrieving glucose data
+2026-05-11 15:17:08,059 [954.1446530818939] fetch INFO: Retrieving glucose data
+2026-05-11 15:17:10,747 [956.832700252533] fetch INFO: Retrieving glucose data
+2026-05-11 15:17:14,166 [960.251767873764] fetch INFO: Retrieving glucose data
+2026-05-11 15:17:17,637 [963.7225532531738] fetch INFO: Retrieving glucose data
+2026-05-11 15:17:22,384 [968.4700739383698] fetch INFO: Retrieving glucose data
+2026-05-11 15:17:24,146 [970.2321290969849] fetch INFO: Retrieving glucose data
+2026-05-11 15:17:26,097 [972.1827681064606] fetch INFO: Retrieving glucose data
+2026-05-11 15:17:28,089 [974.1745874881744] fetch INFO: Retrieving glucose data
+2026-05-11 15:17:30,004 [976.0894706249237] fetch INFO: Retrieving glucose data
+2026-05-11 15:17:31,947 [978.0333592891693] fetch INFO: Retrieving glucose data
+2026-05-11 15:17:33,820 [979.9071028232574] fetch INFO: Retrieving glucose data
+2026-05-11 15:17:35,817 [981.9025230407715] fetch INFO: Retrieving glucose data
+2026-05-11 15:17:37,755 [983.8410339355469] fetch INFO: Retrieving glucose data
+2026-05-11 15:17:39,737 [985.8228950500488] fetch INFO: Retrieving glucose data
+2026-05-11 15:17:41,755 [987.8406627178192] fetch INFO: Retrieving glucose data
+2026-05-11 15:17:43,465 [989.5513801574707] fetch INFO: Retrieving glucose data
+2026-05-11 15:17:45,394 [991.4796450138092] fetch INFO: Retrieving glucose data
+2026-05-11 15:17:47,247 [993.3326847553253] fetch INFO: Retrieving glucose data
+2026-05-11 15:17:49,184 [995.2697627544403] fetch INFO: Retrieving glucose data
+2026-05-11 15:17:58,129 [1004.2151615619659] app ERROR: HTTPConnectionPool(host='127.0.0.1', port=49152): Max retries exceeded with url: /getIntent (Caused by NewConnectionError('<urllib3.connection.HTTPConnection object at 0x0000026615FA6FC0>: Failed to establish a new connection: [WinError 10061] No connection could be made because the target machine actively refused it'))
+2026-05-11 15:17:58,129 [1004.2151615619659] fetch INFO: Retrieving glucose data
+2026-05-11 15:18:03,238 [1009.3234226703644] app ERROR: HTTPConnectionPool(host='127.0.0.1', port=49152): Max retries exceeded with url: /getIntent (Caused by NewConnectionError('<urllib3.connection.HTTPConnection object at 0x0000026615FA49B0>: Failed to establish a new connection: [WinError 10061] No connection could be made because the target machine actively refused it'))
+2026-05-11 15:18:03,239 [1009.3244531154633] fetch INFO: Retrieving glucose data
+2026-05-11 15:18:11,333 [1017.4192533493042] app ERROR: HTTPConnectionPool(host='127.0.0.1', port=49152): Read timed out. (read timeout=5)
+2026-05-11 15:18:11,335 [1017.4212505817413] fetch INFO: Retrieving glucose data
+2026-05-11 15:18:32,374 [1038.4598960876465] app ERROR: HTTPConnectionPool(host='127.0.0.1', port=49152): Read timed out. (read timeout=5)
+2026-05-11 15:18:32,375 [1038.4609031677246] fetch INFO: Retrieving glucose data
+2026-05-11 15:18:53,418 [1059.504453420639] app ERROR: HTTPConnectionPool(host='127.0.0.1', port=49152): Read timed out. (read timeout=5)
+2026-05-11 15:18:53,419 [1059.504453420639] fetch INFO: Retrieving glucose data
+2026-05-11 15:19:11,468 [1077.5539305210114] app ERROR: HTTPConnectionPool(host='127.0.0.1', port=49152): Max retries exceeded with url: /getIntent (Caused by NewConnectionError('<urllib3.connection.HTTPConnection object at 0x0000026615FA6480>: Failed to establish a new connection: [WinError 10061] No connection could be made because the target machine actively refused it'))
+2026-05-11 15:19:11,469 [1077.555246591568] fetch INFO: Retrieving glucose data
+2026-05-11 15:19:16,552 [1082.6378746032715] app ERROR: HTTPConnectionPool(host='127.0.0.1', port=49152): Max retries exceeded with url: /getIntent (Caused by NewConnectionError('<urllib3.connection.HTTPConnection object at 0x0000026615FA5AF0>: Failed to establish a new connection: [WinError 10061] No connection could be made because the target machine actively refused it'))
+2026-05-11 15:19:16,552 [1082.6378746032715] fetch INFO: Retrieving glucose data
+2026-05-11 15:19:21,637 [1087.722424507141] app ERROR: HTTPConnectionPool(host='127.0.0.1', port=49152): Max retries exceeded with url: /getIntent (Caused by NewConnectionError('<urllib3.connection.HTTPConnection object at 0x0000026615FDAE10>: Failed to establish a new connection: [WinError 10061] No connection could be made because the target machine actively refused it'))
+2026-05-11 15:19:21,639 [1087.7244489192963] fetch INFO: Retrieving glucose data
+2026-05-11 15:19:26,683 [1092.768663406372] app ERROR: HTTPConnectionPool(host='127.0.0.1', port=49152): Max retries exceeded with url: /getIntent (Caused by NewConnectionError('<urllib3.connection.HTTPConnection object at 0x0000026615FA7EC0>: Failed to establish a new connection: [WinError 10061] No connection could be made because the target machine actively refused it'))
+2026-05-11 15:19:26,683 [1092.768663406372] fetch INFO: Retrieving glucose data
+2026-05-11 15:19:31,752 [1097.8385355472565] app ERROR: HTTPConnectionPool(host='127.0.0.1', port=49152): Max retries exceeded with url: /getIntent (Caused by NewConnectionError('<urllib3.connection.HTTPConnection object at 0x0000026615FA8650>: Failed to establish a new connection: [WinError 10061] No connection could be made because the target machine actively refused it'))
+2026-05-11 15:19:31,753 [1097.8385355472565] fetch INFO: Retrieving glucose data
+2026-05-11 15:19:36,818 [1102.90354013443] app ERROR: HTTPConnectionPool(host='127.0.0.1', port=49152): Max retries exceeded with url: /getIntent (Caused by NewConnectionError('<urllib3.connection.HTTPConnection object at 0x0000026615FA74A0>: Failed to establish a new connection: [WinError 10061] No connection could be made because the target machine actively refused it'))
+2026-05-11 15:19:36,818 [1102.90354013443] fetch INFO: Retrieving glucose data
+2026-05-11 15:19:41,900 [1107.9862520694733] app ERROR: HTTPConnectionPool(host='127.0.0.1', port=49152): Max retries exceeded with url: /getIntent (Caused by NewConnectionError('<urllib3.connection.HTTPConnection object at 0x0000026615FA53A0>: Failed to establish a new connection: [WinError 10061] No connection could be made because the target machine actively refused it'))
+2026-05-11 15:19:41,900 [1107.9862520694733] fetch INFO: Retrieving glucose data
+2026-05-11 15:19:43,053 [1109.1386778354645] service INFO: User not authenticated, authenticating
+2026-05-11 15:19:44,308 [1110.3952736854553] service INFO: Authentication Successful
+2026-05-11 15:19:45,562 [1111.6488423347473] fetch INFO: Retrieving glucose data
+2026-05-11 15:19:46,007 [1112.0927059650421] ui INFO: Change detected, updating display
+2026-05-11 15:19:48,213 [1114.2988176345825] fetch INFO: Retrieving glucose data
+2026-05-11 15:19:49,722 [1115.8078594207764] fetch INFO: Retrieving glucose data
+2026-05-11 15:19:51,144 [1117.230251789093] fetch INFO: Retrieving glucose data
+2026-05-11 15:19:52,602 [1118.6881799697876] fetch INFO: Retrieving glucose data
+2026-05-11 15:19:54,134 [1120.2211117744446] fetch INFO: Retrieving glucose data
+2026-05-11 15:19:55,646 [1121.7323429584503] fetch INFO: Retrieving glucose data
+2026-05-11 15:19:57,090 [1123.177128314972] fetch INFO: Retrieving glucose data
+2026-05-11 15:19:58,564 [1124.6497757434845] fetch INFO: Retrieving glucose data
+2026-05-11 15:20:00,025 [1126.1108741760254] fetch INFO: Retrieving glucose data
+2026-05-11 15:20:01,419 [1127.5049769878387] fetch INFO: Retrieving glucose data
+2026-05-11 15:20:03,034 [1129.1204578876495] fetch INFO: Retrieving glucose data
+2026-05-11 15:20:04,248 [1130.3341388702393] fetch INFO: Retrieving glucose data
+2026-05-11 15:20:05,497 [1131.582581281662] fetch INFO: Retrieving glucose data
+2026-05-11 15:20:06,788 [1132.8740532398224] fetch INFO: Retrieving glucose data
+2026-05-11 15:20:08,048 [1134.1341722011566] fetch INFO: Retrieving glucose data
+2026-05-11 15:20:09,290 [1135.3755116462708] fetch INFO: Retrieving glucose data
+2026-05-11 15:20:10,644 [1136.7302260398865] fetch INFO: Retrieving glucose data
+2026-05-11 15:20:11,911 [1137.99649310112] fetch INFO: Retrieving glucose data
+2026-05-11 15:20:13,175 [1139.261031627655] fetch INFO: Retrieving glucose data
+2026-05-11 15:20:14,436 [1140.522071838379] fetch INFO: Retrieving glucose data
+2026-05-11 15:20:15,668 [1141.7542400360107] fetch INFO: Retrieving glucose data
+2026-05-11 15:20:16,967 [1143.0527789592743] fetch INFO: Retrieving glucose data
+2026-05-11 15:20:18,207 [1144.2924275398254] fetch INFO: Retrieving glucose data
+2026-05-11 15:20:19,449 [1145.535299539566] fetch INFO: Retrieving glucose data
+2026-05-11 15:20:20,724 [1146.8101065158844] fetch INFO: Retrieving glucose data
+2026-05-11 15:20:21,989 [1148.0747153759003] fetch INFO: Retrieving glucose data
+2026-05-11 15:20:23,239 [1149.325347185135] fetch INFO: Retrieving glucose data
+2026-05-11 15:20:24,498 [1150.5837132930756] fetch INFO: Retrieving glucose data
+2026-05-11 15:20:25,784 [1151.870123386383] fetch INFO: Retrieving glucose data
+2026-05-11 15:20:27,022 [1153.1082916259766] fetch INFO: Retrieving glucose data
+2026-05-11 15:20:28,260 [1154.3457236289978] fetch INFO: Retrieving glucose data
+2026-05-11 15:20:29,479 [1155.5646941661835] fetch INFO: Retrieving glucose data
+2026-05-11 15:20:30,748 [1156.8336596488953] fetch INFO: Retrieving glucose data
+2026-05-11 15:20:31,966 [1158.0522270202637] fetch INFO: Retrieving glucose data
+2026-05-11 15:20:33,194 [1159.280063867569] fetch INFO: Retrieving glucose data
+2026-05-11 15:20:34,449 [1160.5347180366516] fetch INFO: Retrieving glucose data
+2026-05-11 15:20:35,679 [1161.7648050785065] fetch INFO: Retrieving glucose data
+2026-05-11 15:20:36,968 [1163.0541622638702] fetch INFO: Retrieving glucose data
+2026-05-11 15:20:38,257 [1164.3427956104279] fetch INFO: Retrieving glucose data
+2026-05-11 15:20:39,528 [1165.6141669750214] fetch INFO: Retrieving glucose data
+2026-05-11 15:20:40,760 [1166.8455357551575] fetch INFO: Retrieving glucose data
+2026-05-11 15:20:42,040 [1168.1259179115295] fetch INFO: Retrieving glucose data
+2026-05-11 15:20:43,300 [1169.3866941928864] fetch INFO: Retrieving glucose data
+2026-05-11 15:20:44,533 [1170.6194710731506] fetch INFO: Retrieving glucose data
+2026-05-11 15:20:45,782 [1171.8680834770203] fetch INFO: Retrieving glucose data
+2026-05-11 15:20:47,052 [1173.1392374038696] fetch INFO: Retrieving glucose data
+2026-05-11 15:20:48,314 [1174.3998720645905] fetch INFO: Retrieving glucose data
+2026-05-11 15:20:49,548 [1175.6337060928345] fetch INFO: Retrieving glucose data
+2026-05-11 15:20:50,809 [1176.896139383316] fetch INFO: Retrieving glucose data
+2026-05-11 15:20:52,025 [1178.11061501503] fetch INFO: Retrieving glucose data
+2026-05-11 15:20:53,281 [1179.3678741455078] fetch INFO: Retrieving glucose data
+2026-05-11 15:20:54,531 [1180.6165273189545] fetch INFO: Retrieving glucose data
+2026-05-11 15:20:55,804 [1181.8894987106323] fetch INFO: Retrieving glucose data
+2026-05-11 15:20:57,071 [1183.1572923660278] fetch INFO: Retrieving glucose data
+2026-05-11 15:20:58,314 [1184.4013550281525] fetch INFO: Retrieving glucose data
+2026-05-11 15:20:59,544 [1185.630267381668] fetch INFO: Retrieving glucose data
+2026-05-11 15:21:00,823 [1186.9092087745667] fetch INFO: Retrieving glucose data
+2026-05-11 15:21:02,055 [1188.1412620544434] fetch INFO: Retrieving glucose data
+2026-05-11 15:21:03,299 [1189.3853766918182] fetch INFO: Retrieving glucose data
+2026-05-11 15:21:04,538 [1190.6240780353546] fetch INFO: Retrieving glucose data
+2026-05-11 15:21:04,999 [1191.0852127075195] ui INFO: Change detected, updating display
+2026-05-11 15:21:05,997 [1192.0832240581512] fetch INFO: Retrieving glucose data
+2026-05-11 15:21:09,213 [1195.2989506721497] app ERROR: HTTPConnectionPool(host='127.0.0.1', port=49152): Max retries exceeded with url: /getIntent (Caused by NewConnectionError('<urllib3.connection.HTTPConnection object at 0x0000026615FA7800>: Failed to establish a new connection: [WinError 10061] No connection could be made because the target machine actively refused it'))
+2026-05-11 15:21:09,214 [1195.2999567985535] fetch INFO: Retrieving glucose data
+2026-05-11 15:21:14,263 [1200.3492908477783] app ERROR: HTTPConnectionPool(host='127.0.0.1', port=49152): Max retries exceeded with url: /getIntent (Caused by NewConnectionError('<urllib3.connection.HTTPConnection object at 0x0000026615FA6660>: Failed to establish a new connection: [WinError 10061] No connection could be made because the target machine actively refused it'))
+2026-05-11 15:21:14,264 [1200.350290298462] fetch INFO: Retrieving glucose data
+2026-05-11 15:21:18,324 [1204.4109013080597] fetch INFO: Retrieving glucose data
+2026-05-11 15:21:19,052 [1205.137506723404] service INFO: User not authenticated, authenticating
+2026-05-11 15:21:20,350 [1206.4360492229462] service INFO: Authentication Successful
+2026-05-11 15:21:21,674 [1207.7601082324982] fetch INFO: Retrieving glucose data
+2026-05-11 15:21:22,118 [1208.2034621238708] ui INFO: Change detected, updating display
+2026-05-11 15:21:23,088 [1209.1741318702698] fetch INFO: Retrieving glucose data
+2026-05-11 15:21:24,544 [1210.6294419765472] fetch INFO: Retrieving glucose data
+2026-05-11 15:21:26,004 [1212.0896871089935] fetch INFO: Retrieving glucose data
+2026-05-11 15:21:27,477 [1213.5625040531158] fetch INFO: Retrieving glucose data
+2026-05-11 15:21:28,890 [1214.975546836853] fetch INFO: Retrieving glucose data
+2026-05-11 15:21:30,300 [1216.3862130641937] fetch INFO: Retrieving glucose data
+2026-05-11 15:21:31,791 [1217.87828707695] fetch INFO: Retrieving glucose data
+2026-05-11 15:21:33,036 [1219.1221911907196] fetch INFO: Retrieving glucose data
+2026-05-11 15:21:34,283 [1220.369032382965] fetch INFO: Retrieving glucose data
+2026-05-11 15:21:35,538 [1221.6241238117218] fetch INFO: Retrieving glucose data
+2026-05-11 15:21:36,783 [1222.86914396286] fetch INFO: Retrieving glucose data
+2026-05-11 15:21:38,034 [1224.1197702884674] fetch INFO: Retrieving glucose data
+2026-05-11 15:21:39,298 [1225.3841078281403] fetch INFO: Retrieving glucose data
+2026-05-11 15:21:40,568 [1226.6541769504547] fetch INFO: Retrieving glucose data
+2026-05-11 15:21:41,837 [1227.9226219654083] fetch INFO: Retrieving glucose data
+2026-05-11 15:21:43,120 [1229.2060692310333] fetch INFO: Retrieving glucose data
+2026-05-11 15:21:44,347 [1230.4326457977295] fetch INFO: Retrieving glucose data
+2026-05-11 15:21:45,585 [1231.67129778862] fetch INFO: Retrieving glucose data
+2026-05-11 15:21:46,905 [1232.9911727905273] fetch INFO: Retrieving glucose data
+2026-05-11 15:21:48,253 [1234.3390815258026] ui INFO: Change detected, updating display
+2026-05-11 15:21:48,263 [1234.3490719795227] fetch INFO: Retrieving glucose data
+2026-05-11 15:21:49,523 [1235.6092512607574] fetch INFO: Retrieving glucose data
+2026-05-11 15:21:50,822 [1236.9089641571045] fetch INFO: Retrieving glucose data
+2026-05-11 15:21:52,094 [1238.1795690059662] fetch INFO: Retrieving glucose data
+2026-05-11 15:21:53,311 [1239.397071838379] fetch INFO: Retrieving glucose data
+2026-05-11 15:21:54,540 [1240.6262781620026] fetch INFO: Retrieving glucose data
+2026-05-11 15:21:55,894 [1241.9803507328033] fetch INFO: Retrieving glucose data
+2026-05-11 15:21:57,176 [1243.2625136375427] fetch INFO: Retrieving glucose data
+2026-05-11 15:21:58,468 [1244.5552699565887] fetch INFO: Retrieving glucose data
+2026-05-11 15:21:59,698 [1245.784108877182] fetch INFO: Retrieving glucose data
+2026-05-11 15:22:00,961 [1247.047280550003] fetch INFO: Retrieving glucose data
+2026-05-11 15:22:02,227 [1248.3123939037323] fetch INFO: Retrieving glucose data
+2026-05-11 15:22:03,515 [1249.600602388382] fetch INFO: Retrieving glucose data
+2026-05-11 15:22:04,785 [1250.870840549469] fetch INFO: Retrieving glucose data
+2026-05-11 15:22:06,034 [1252.119789838791] fetch INFO: Retrieving glucose data
+2026-05-11 15:22:07,344 [1253.4301130771637] fetch INFO: Retrieving glucose data
+2026-05-11 15:22:08,581 [1254.6669476032257] fetch INFO: Retrieving glucose data
+2026-05-11 15:22:09,884 [1255.9703497886658] fetch INFO: Retrieving glucose data
+2026-05-11 15:22:11,194 [1257.2794845104218] fetch INFO: Retrieving glucose data
+2026-05-11 15:22:12,441 [1258.5273416042328] fetch INFO: Retrieving glucose data
+2026-05-11 15:22:13,691 [1259.7771894931793] fetch INFO: Retrieving glucose data
+2026-05-11 15:22:14,964 [1261.049656867981] fetch INFO: Retrieving glucose data
+2026-05-11 15:22:16,269 [1262.3545060157776] fetch INFO: Retrieving glucose data
+2026-05-11 15:22:17,525 [1263.6109886169434] fetch INFO: Retrieving glucose data
+2026-05-11 15:22:18,794 [1264.87939620018] fetch INFO: Retrieving glucose data
+2026-05-11 15:22:20,077 [1266.1624293327332] fetch INFO: Retrieving glucose data
+2026-05-11 15:22:21,390 [1267.4755566120148] fetch INFO: Retrieving glucose data
+2026-05-11 15:22:22,624 [1268.710372209549] fetch INFO: Retrieving glucose data
+2026-05-11 15:22:23,870 [1269.9561421871185] fetch INFO: Retrieving glucose data
+2026-05-11 15:22:25,149 [1271.2349286079407] fetch INFO: Retrieving glucose data
+2026-05-11 15:22:26,427 [1272.5133605003357] fetch INFO: Retrieving glucose data
+2026-05-11 15:22:27,720 [1273.8060626983643] fetch INFO: Retrieving glucose data
+2026-05-11 15:22:28,979 [1275.0653584003448] fetch INFO: Retrieving glucose data
+2026-05-11 15:22:30,244 [1276.329401254654] fetch INFO: Retrieving glucose data
+2026-05-11 15:22:31,546 [1277.6316068172455] fetch INFO: Retrieving glucose data
+2026-05-11 15:22:32,834 [1278.921207666397] fetch INFO: Retrieving glucose data
+2026-05-11 15:22:34,280 [1280.3655889034271] fetch INFO: Retrieving glucose data
+2026-05-11 15:22:35,700 [1281.785602092743] fetch INFO: Retrieving glucose data
+2026-05-11 15:22:37,121 [1283.2064952850342] fetch INFO: Retrieving glucose data
+2026-05-11 15:22:38,526 [1284.6118276119232] fetch INFO: Retrieving glucose data
+2026-05-11 15:22:40,016 [1286.1018767356873] fetch INFO: Retrieving glucose data
+2026-05-11 15:22:41,288 [1287.3740351200104] fetch INFO: Retrieving glucose data
+2026-05-11 15:22:42,565 [1288.6504201889038] fetch INFO: Retrieving glucose data
+2026-05-11 15:22:43,854 [1289.9401590824127] fetch INFO: Retrieving glucose data
+2026-05-11 15:22:45,148 [1291.2335588932037] fetch INFO: Retrieving glucose data
+2026-05-11 15:22:46,414 [1292.499761581421] fetch INFO: Retrieving glucose data
+2026-05-11 15:22:47,726 [1293.8116292953491] fetch INFO: Retrieving glucose data
+2026-05-11 15:22:49,038 [1295.1238994598389] fetch INFO: Retrieving glucose data
+2026-05-11 15:22:50,363 [1296.4493191242218] fetch INFO: Retrieving glucose data
+2026-05-11 15:22:51,691 [1297.7768442630768] fetch INFO: Retrieving glucose data
+2026-05-11 15:22:52,982 [1299.0682520866394] fetch INFO: Retrieving glucose data
+2026-05-11 15:22:54,274 [1300.36003780365] fetch INFO: Retrieving glucose data
+2026-05-11 15:22:55,606 [1301.6915745735168] fetch INFO: Retrieving glucose data
+2026-05-11 15:22:56,898 [1302.9838168621063] fetch INFO: Retrieving glucose data
+2026-05-11 15:22:58,219 [1304.3045861721039] fetch INFO: Retrieving glucose data
+2026-05-11 15:22:59,530 [1305.615862607956] fetch INFO: Retrieving glucose data
+2026-05-11 15:23:00,797 [1306.8831825256348] fetch INFO: Retrieving glucose data
+2026-05-11 15:23:02,098 [1308.1839487552643] fetch INFO: Retrieving glucose data
+2026-05-11 15:23:04,999 [1311.084810256958] app ERROR: ('Connection aborted.', ConnectionResetError(10054, 'An existing connection was forcibly closed by the remote host', None, 10054, None))
+2026-05-11 15:23:04,999 [1311.084810256958] fetch INFO: Retrieving glucose data
