+2026-05-11 15:28:56,054 [0.0] update INFO: Checking for update
+2026-05-11 15:28:56,055 [0.0009965896606445312] update INFO: Update found
+2026-05-11 15:28:56,393 [0.33942127227783203] update INFO: Making Directory app
+2026-05-11 15:28:56,393 [0.33942127227783203] update INFO: Making Directory assets
+2026-05-11 15:28:56,394 [0.3404233455657959] update INFO: Making Directory cache
+2026-05-11 15:28:56,394 [0.3404233455657959] update INFO: Making Directory data
+2026-05-11 15:28:56,395 [0.34148311614990234] update INFO: Making Directory tools
+2026-05-11 15:28:56,395 [0.34148311614990234] update INFO: Making Directory app\ExtensionTools
+2026-05-11 15:28:56,395 [0.34148311614990234] update INFO: Making Directory app\netlogs
+2026-05-11 15:28:56,396 [0.34249329566955566] update INFO: Making Directory assets\icons
+2026-05-11 15:28:56,396 [0.34249329566955566] update INFO: Making Directory assets\ui
+2026-05-11 15:28:56,396 [0.34249329566955566] update INFO: Making Directory data\basepkgs
+2026-05-11 15:28:56,397 [0.3434939384460449] update INFO: Making Directory data\downloads
+2026-05-11 15:28:56,397 [0.3434939384460449] update INFO: Making Directory data\extensions
+2026-05-11 15:28:56,397 [0.3434939384460449] update INFO: Making Directory data\osl
+2026-05-11 15:28:56,397 [0.3434939384460449] update INFO: Making Directory data\overlay
+2026-05-11 15:28:56,397 [0.34449291229248047] update INFO: Making Directory assets\icons\dark
+2026-05-11 15:28:56,398 [0.34449291229248047] update INFO: Making Directory assets\icons\light
+2026-05-11 15:28:56,398 [0.34449291229248047] update INFO: Making Directory assets\icons\logo
+2026-05-11 15:28:56,398 [0.34449291229248047] update INFO: Making Directory assets\ui\exts
+2026-05-11 15:28:56,399 [0.3454928398132324] update INFO: Making Directory assets\ui\import
+2026-05-11 15:28:56,399 [0.3454928398132324] update INFO: Making Directory assets\ui\logs
+2026-05-11 15:28:56,399 [0.3454928398132324] update INFO: Making Directory assets\ui\oobe
+2026-05-11 15:28:56,399 [0.3454928398132324] update INFO: Making Directory assets\ui\osl
+2026-05-11 15:28:56,400 [0.3464927673339844] update INFO: Making Directory assets\ui\settings
+2026-05-11 15:28:56,400 [0.3464927673339844] update INFO: Making Directory assets\ui\exts\install
+2026-05-11 15:28:56,400 [0.3464927673339844] update INFO: Making Directory assets\ui\exts\uninstall
+2026-05-11 15:28:56,400 [0.3464927673339844] update INFO: Making Directory data\extensions\gdp_dexshare
+2026-05-11 15:28:56,401 [0.34749269485473633] update INFO: Making Directory data\extensions\gdp_dexshareJP
+2026-05-11 15:28:56,401 [0.34749269485473633] update INFO: Making Directory data\extensions\gdp_dexshareOUS
+2026-05-11 15:28:56,401 [0.3484969139099121] update INFO: Making Directory data\extensions\gdp_librelink
+2026-05-11 15:28:56,402 [0.3484969139099121] update INFO: Making Directory data\overlay\registry
+2026-05-11 15:28:56,402 [0.3484969139099121] update INFO: Copying file app\dataexport.py
+2026-05-11 15:28:56,403 [0.34949564933776855] update INFO: Copying file app\dataimport.py
+2026-05-11 15:28:56,405 [0.35149621963500977] update INFO: Copying file app\DeskScout.pyw
+2026-05-11 15:28:56,406 [0.3524966239929199] update INFO: Copying file app\DeskScoutAlertOverlay.py
+2026-05-11 15:28:56,408 [0.3544952869415283] update INFO: Copying file app\DeskScoutAPISandbox.py
+2026-05-11 15:28:56,409 [0.35549497604370117] update INFO: Copying file app\DeskScoutApp.py
+2026-05-11 15:28:56,413 [0.35949087142944336] update INFO: Copying file app\DeskScoutOverlay.py
+2026-05-11 15:28:56,414 [0.36049485206604004] update INFO: Copying file app\DeskScoutService.py
+2026-05-11 15:28:56,417 [0.3634958267211914] update INFO: Copying file app\DeskScoutSetup.py
+2026-05-11 15:28:56,422 [0.3681814670562744] update INFO: Copying file app\quickReset.py
+2026-05-11 15:28:56,424 [0.3697531223297119] update INFO: Copying file app\recovery.py
+2026-05-11 15:28:56,424 [0.37137413024902344] update INFO: Copying file app\resetApp.py
+2026-05-11 15:28:56,425 [0.37137413024902344] update INFO: Copying file app\restart.py
+2026-05-11 15:28:56,428 [0.374509334564209] update INFO: Copying file app\updatemanifest.json
+2026-05-11 15:28:56,430 [0.3760855197906494] update INFO: Copying file app\upgradeSettings.py
+2026-05-11 15:28:56,432 [0.37764525413513184] update INFO: Copying file app\versioninfo.json
+2026-05-11 15:28:56,433 [0.3792262077331543] update INFO: Copying file data\api_keys.json
+2026-05-11 15:28:56,435 [0.38078927993774414] update INFO: Copying file data\default_settings.json
+2026-05-11 15:28:56,436 [0.382354736328125] update INFO: Copying file data\default_sounds.json
+2026-05-11 15:28:56,439 [0.38553905487060547] update INFO: Copying file data\expandedTypes.json
+2026-05-11 15:28:56,441 [0.38684725761413574] update INFO: Copying file data\history.json
+2026-05-11 15:28:56,442 [0.38793301582336426] update INFO: Copying file data\osl.json
+2026-05-11 15:28:56,443 [0.389493465423584] update INFO: Copying file data\sdk.json
+2026-05-11 15:28:56,443 [0.3910510540008545] update INFO: Copying file data\settings2.json
+2026-05-11 15:28:56,446 [0.3920621871948242] update INFO: Copying file data\url_const.json
+2026-05-11 15:28:56,447 [0.3930628299713135] update INFO: Copying file app\ExtensionTools\exttool.py
+2026-05-11 15:28:56,448 [0.3940606117248535] update INFO: Copying file app\ExtensionTools\install.py
+2026-05-11 15:28:56,450 [0.39606571197509766] update INFO: Copying file app\ExtensionTools\uninstall.py
+2026-05-11 15:28:56,451 [0.39708757400512695] update INFO: Copying file assets\icons\SEGMDL2.TTF
+2026-05-11 15:28:56,470 [0.4160184860229492] update INFO: Copying file assets\icons\sync_working.png
+2026-05-11 15:28:56,472 [0.41801905632019043] update INFO: Copying file assets\ui\about.xaml
+2026-05-11 15:28:56,473 [0.4190201759338379] update INFO: Copying file assets\ui\alertoverlay.xaml
+2026-05-11 15:28:56,474 [0.42001986503601074] update INFO: Copying file assets\ui\data_manage.xaml
+2026-05-11 15:28:56,475 [0.42202115058898926] update INFO: Copying file assets\ui\disclaimer.xaml
+2026-05-11 15:28:56,476 [0.4230198860168457] update INFO: Copying file assets\ui\extinfo.xaml
+2026-05-11 15:28:56,477 [0.4230198860168457] update INFO: Copying file assets\ui\history.xaml
+2026-05-11 15:28:56,478 [0.42402005195617676] update INFO: Copying file assets\ui\home.xaml
+2026-05-11 15:28:56,479 [0.42502260208129883] update INFO: Copying file assets\ui\internet_required.xaml
+2026-05-11 15:28:56,480 [0.4260215759277344] update INFO: Copying file assets\ui\loading.xaml
+2026-05-11 15:28:56,481 [0.42702221870422363] update INFO: Copying file assets\ui\oobe.xaml
+2026-05-11 15:28:56,482 [0.4280211925506592] update INFO: Copying file assets\ui\popup.xaml
+2026-05-11 15:28:56,485 [0.4310190677642822] update INFO: Copying file assets\ui\settings.xaml
+2026-05-11 15:28:56,488 [0.4340178966522217] update INFO: Copying file assets\ui\setup_complete.xaml
+2026-05-11 15:28:56,490 [0.4360160827636719] update INFO: Copying file assets\ui\signin.xaml
+2026-05-11 15:28:56,492 [0.4380152225494385] update INFO: Copying file assets\ui\splash.xaml
+2026-05-11 15:28:56,493 [0.4390144348144531] update INFO: Copying file assets\ui\update_complete.xaml
+2026-05-11 15:28:56,495 [0.44101858139038086] update INFO: Copying file assets\ui\window.xaml
+2026-05-11 15:28:56,496 [0.44301366806030273] update INFO: Copying file assets\icons\dark\DoubleDown.svg
+2026-05-11 15:28:56,498 [0.4440135955810547] update INFO: Copying file assets\icons\dark\DoubleUp.svg
+2026-05-11 15:28:56,500 [0.4460148811340332] update INFO: Copying file assets\icons\dark\Flat.svg
+2026-05-11 15:28:56,502 [0.44801807403564453] update INFO: Copying file assets\icons\dark\FortyFiveDown.svg
+2026-05-11 15:28:56,504 [0.45001888275146484] update INFO: Copying file assets\icons\dark\FortyFiveUp.svg
+2026-05-11 15:28:56,506 [0.45201587677001953] update INFO: Copying file assets\icons\dark\NONE.svg
+2026-05-11 15:28:56,508 [0.45419979095458984] update INFO: Copying file assets\icons\dark\SingleDown.svg
+2026-05-11 15:28:56,510 [0.45621323585510254] update INFO: Copying file assets\icons\dark\SingleUp.svg
+2026-05-11 15:28:56,511 [0.4572124481201172] update INFO: Copying file assets\icons\logo\01.ico
+2026-05-11 15:28:56,513 [0.4592123031616211] update INFO: Copying file assets\icons\logo\01.png
+2026-05-11 15:28:56,523 [0.4692084789276123] update INFO: Copying file assets\icons\logo\01.svg
+2026-05-11 15:28:56,525 [0.47121191024780273] update INFO: Copying file assets\icons\logo\02.ico
+2026-05-11 15:28:56,526 [0.4722118377685547] update INFO: Copying file assets\icons\logo\02.png
+2026-05-11 15:28:56,531 [0.47721195220947266] update INFO: Copying file assets\icons\logo\02.svg
+2026-05-11 15:28:56,533 [0.47921276092529297] update INFO: Copying file assets\icons\logo\03.ico
+2026-05-11 15:28:56,534 [0.4802134037017822] update INFO: Copying file assets\icons\logo\03.png
+2026-05-11 15:28:56,543 [0.48932456970214844] update INFO: Copying file assets\icons\logo\03.svg
+2026-05-11 15:28:56,544 [0.4903223514556885] update INFO: Copying file assets\icons\logo\04.ico
+2026-05-11 15:28:56,546 [0.49233269691467285] update INFO: Copying file assets\icons\logo\04.png
+2026-05-11 15:28:56,563 [0.5088555812835693] update INFO: Copying file assets\icons\logo\04.svg
+2026-05-11 15:28:56,565 [0.5108563899993896] update INFO: Copying file assets\ui\import\backup.xaml
+2026-05-11 15:28:56,567 [0.5128557682037354] update INFO: Copying file assets\ui\import\dataselect.xaml
+2026-05-11 15:28:56,568 [0.5138580799102783] update INFO: Copying file assets\ui\import\main.xaml
+2026-05-11 15:28:56,570 [0.5158567428588867] update INFO: Copying file assets\ui\logs\app.xaml
+2026-05-11 15:28:56,571 [0.5168566703796387] update INFO: Copying file assets\ui\logs\network.xaml
+2026-05-11 15:28:56,573 [0.518857479095459] update INFO: Copying file assets\ui\oobe\gdpSelect.xaml
+2026-05-11 15:28:56,575 [0.5211057662963867] update INFO: Copying file assets\ui\oobe\page0.xaml
+2026-05-11 15:28:56,576 [0.5221042633056641] update INFO: Copying file assets\ui\osl\main.xaml
+2026-05-11 15:28:56,577 [0.5231044292449951] update INFO: Copying file assets\ui\osl\view.xaml
+2026-05-11 15:28:56,579 [0.5251049995422363] update INFO: Copying file assets\ui\settings\backup.xaml
+2026-05-11 15:28:56,581 [0.5271077156066895] update INFO: Copying file assets\ui\settings\import.xaml
+2026-05-11 15:28:56,582 [0.5281112194061279] update INFO: Copying file assets\ui\settings\manage_sounds.xaml
+2026-05-11 15:28:56,584 [0.5301172733306885] update INFO: Copying file assets\ui\settings\sounds.xaml
+2026-05-11 15:28:56,586 [0.5321149826049805] update INFO: Copying file assets\ui\settings\update.xaml
+2026-05-11 15:28:56,589 [0.535109281539917] update INFO: Copying file assets\ui\exts\install\error.xaml
+2026-05-11 15:28:56,591 [0.5371098518371582] update INFO: Copying file assets\ui\exts\install\frame.xaml
+2026-05-11 15:28:56,593 [0.5391039848327637] update INFO: Copying file assets\ui\exts\install\loading.xaml
+2026-05-11 15:28:56,594 [0.5401103496551514] update INFO: Copying file assets\ui\exts\install\main.xaml
+2026-05-11 15:28:56,596 [0.5421080589294434] update INFO: Copying file assets\ui\exts\install\success.xaml
+2026-05-11 15:28:56,597 [0.5431098937988281] update INFO: Copying file data\basepkgs\gdp_dexshare.dep
+2026-05-11 15:28:56,601 [0.5471041202545166] update INFO: Copying file data\basepkgs\gdp_dexshareJP.dep
+2026-05-11 15:28:56,603 [0.5491044521331787] update INFO: Copying file data\basepkgs\gdp_dexshareOUS.dep
+2026-05-11 15:28:56,605 [0.5511085987091064] update INFO: Copying file data\basepkgs\gdp_librelink.dep
+2026-05-11 15:28:56,607 [0.553109884262085] update INFO: Copying file data\osl\pydexcom.txt
+2026-05-11 15:28:56,609 [0.5551090240478516] update INFO: Copying file data\osl\requests.txt
+2026-05-11 15:28:56,611 [0.5571084022521973] update INFO: Copying file data\osl\win32more.txt
+2026-05-11 15:28:56,612 [0.5581099987030029] update INFO: Copying file data\overlay\default_setup.json
+2026-05-11 15:28:56,614 [0.5601084232330322] update INFO: Copying file data\overlay\setup.json
+2026-05-11 15:28:56,615 [0.5611100196838379] update INFO: Copying file data\extensions\gdp_dexshare\dexlogo.png
+2026-05-11 15:28:56,618 [0.5641045570373535] update INFO: Copying file data\extensions\gdp_dexshare\manifest.json
+2026-05-11 15:28:56,619 [0.5651130676269531] update INFO: Copying file data\extensions\gdp_dexshare\__init__.py
+2026-05-11 15:28:56,621 [0.5671117305755615] update INFO: Copying file data\extensions\gdp_dexshareJP\manifest.json
+2026-05-11 15:28:56,623 [0.5691139698028564] update INFO: Copying file data\extensions\gdp_dexshareJP\__init__.py
+2026-05-11 15:28:56,625 [0.5711061954498291] update INFO: Copying file data\extensions\gdp_dexshareOUS\manifest.json
+2026-05-11 15:28:56,626 [0.5721068382263184] update INFO: Copying file data\extensions\gdp_dexshareOUS\__init__.py
+2026-05-11 15:28:56,628 [0.574105978012085] update INFO: Copying file data\extensions\gdp_librelink\manifest.json
+2026-05-11 15:28:56,630 [0.5761053562164307] update INFO: Copying file data\extensions\gdp_librelink\__init__.py
+2026-05-11 15:28:56,632 [0.5781052112579346] update INFO: Copying file data\overlay\registry\internal.json
+2026-05-11 15:28:56,634 [0.5801572799682617] update INFO: Checking for settings update
+2026-05-11 15:28:56,635 [0.5811607837677002] update INFO: No settings needed to be updated
+2026-05-11 15:28:56,635 [0.5811607837677002] update INFO: Update Complete
