+2025-09-05 09:36:49,480 [0.0] boot INFO: Adding libs and mods folder to path
+2025-09-05 09:36:49,480 [0.0] boot INFO: Starting imports
+2025-09-05 09:36:51,925 [2.445432662963867] boot INFO: Starting Application, you wont be hearing from me anymore
+2025-09-05 09:36:52,140 [2.6602139472961426] ui INFO: Main frame loaded
+2025-09-05 09:36:52,142 [2.6622512340545654] service INFO: Checking if service is alive
+2025-09-05 09:36:53,046 [3.56664776802063] service INFO: Service is alive
+2025-09-05 09:36:53,046 [3.56664776802063] service INFO: Checking if service version is compatible
+2025-09-05 09:36:53,995 [4.51508641242981] app INFO: Checking login status
+2025-09-05 09:36:54,000 [4.520403623580933] app INFO: Authentication complete
+2025-09-05 09:36:54,000 [4.522415637969971] app INFO: Starting background thread
+2025-09-05 09:36:54,039 [4.55887770652771] fetch INFO: Fetch task is online
+2025-09-05 09:36:54,039 [4.55887770652771] fetch INFO: Retrieving glucose data
+2025-09-05 09:36:54,087 [4.6077659130096436] ui INFO: Window is active
+2025-09-05 09:36:54,912 [5.432019948959351] ui INFO: Change detected, updating display
+2025-09-05 09:36:59,901 [10.42143440246582] fetch INFO: Retrieving glucose data
+2025-09-05 09:37:05,822 [16.342113256454468] fetch INFO: Retrieving glucose data
+2025-09-05 09:37:11,878 [22.39878797531128] fetch INFO: Retrieving glucose data
+2025-09-05 09:37:17,847 [28.36769962310791] fetch INFO: Retrieving glucose data
+2025-09-05 09:37:24,044 [34.56444430351257] fetch INFO: Retrieving glucose data
+2025-09-05 09:37:29,994 [40.514774560928345] fetch INFO: Retrieving glucose data
+2025-09-05 09:37:36,078 [46.59861159324646] fetch INFO: Retrieving glucose data
+2025-09-05 09:37:42,085 [52.60504102706909] fetch INFO: Retrieving glucose data
+2025-09-05 09:37:48,033 [58.553733587265015] fetch INFO: Retrieving glucose data
+2025-09-05 09:37:54,065 [64.58534073829651] fetch INFO: Retrieving glucose data
+2025-09-05 09:38:00,098 [70.61829662322998] fetch INFO: Retrieving glucose data
+2025-09-05 09:38:06,252 [76.77210092544556] fetch INFO: Retrieving glucose data
+2025-09-05 09:38:12,391 [82.91149401664734] fetch INFO: Retrieving glucose data
+2025-09-05 09:38:18,467 [88.98753595352173] fetch INFO: Retrieving glucose data
+2025-09-05 09:38:24,511 [95.03125929832458] fetch INFO: Retrieving glucose data
+2025-09-05 09:38:30,554 [101.07408833503723] fetch INFO: Retrieving glucose data
+2025-09-05 09:38:36,652 [107.17218160629272] fetch INFO: Retrieving glucose data
+2025-09-05 09:38:42,600 [113.12051248550415] fetch INFO: Retrieving glucose data
+2025-09-05 09:38:48,671 [119.19112730026245] fetch INFO: Retrieving glucose data
+2025-09-05 09:38:54,785 [125.3049144744873] fetch INFO: Retrieving glucose data
+2025-09-05 09:39:00,719 [131.23975086212158] fetch INFO: Retrieving glucose data
+2025-09-05 09:39:06,781 [137.30151748657227] fetch INFO: Retrieving glucose data
+2025-09-05 09:39:12,820 [143.34051990509033] fetch INFO: Retrieving glucose data
+2025-09-05 09:39:18,656 [149.1766152381897] fetch INFO: Retrieving glucose data
+2025-09-05 09:39:24,680 [155.20071029663086] fetch INFO: Retrieving glucose data
+2025-09-05 09:39:30,691 [161.21126627922058] fetch INFO: Retrieving glucose data
+2025-09-05 09:39:36,642 [167.1625518798828] fetch INFO: Retrieving glucose data
+2025-09-05 09:39:42,505 [173.02579545974731] fetch INFO: Retrieving glucose data
+2025-09-05 09:39:48,602 [179.1224160194397] fetch INFO: Retrieving glucose data
+2025-09-05 09:39:54,703 [185.22284150123596] fetch INFO: Retrieving glucose data
+2025-09-05 09:40:00,588 [191.11024284362793] fetch INFO: Retrieving glucose data
+2025-09-05 09:40:06,569 [197.0888798236847] fetch INFO: Retrieving glucose data
+2025-09-05 09:40:12,614 [203.13469696044922] fetch INFO: Retrieving glucose data
+2025-09-05 09:40:18,711 [209.23118543624878] fetch INFO: Retrieving glucose data
+2025-09-05 09:40:24,800 [215.3200387954712] fetch INFO: Retrieving glucose data
+2025-09-05 09:40:30,842 [221.36195015907288] fetch INFO: Retrieving glucose data
+2025-09-05 09:40:37,390 [227.91021370887756] fetch INFO: Retrieving glucose data
+2025-09-05 09:40:43,329 [233.84927797317505] fetch INFO: Retrieving glucose data
+2025-09-05 09:40:49,247 [239.76702523231506] fetch INFO: Retrieving glucose data
+2025-09-05 09:40:55,271 [245.79136443138123] fetch INFO: Retrieving glucose data
+2025-09-05 09:41:01,224 [251.74469542503357] fetch INFO: Retrieving glucose data
+2025-09-05 09:41:07,398 [257.9186189174652] fetch INFO: Retrieving glucose data
+2025-09-05 09:41:13,339 [263.8592047691345] fetch INFO: Retrieving glucose data
+2025-09-05 09:41:19,371 [269.89137053489685] fetch INFO: Retrieving glucose data
+2025-09-05 09:41:25,315 [275.83569836616516] fetch INFO: Retrieving glucose data
+2025-09-05 09:41:31,270 [281.790638923645] fetch INFO: Retrieving glucose data
+2025-09-05 09:41:37,434 [287.95398592948914] fetch INFO: Retrieving glucose data
+2025-09-05 09:41:43,356 [293.8763175010681] fetch INFO: Retrieving glucose data
+2025-09-05 09:41:49,346 [299.86587929725647] fetch INFO: Retrieving glucose data
+2025-09-05 09:41:55,316 [305.83660793304443] fetch INFO: Retrieving glucose data
+2025-09-05 09:42:01,251 [311.77103066444397] fetch INFO: Retrieving glucose data
+2025-09-05 09:42:07,170 [317.68991565704346] fetch INFO: Retrieving glucose data
+2025-09-05 09:42:13,094 [323.61450147628784] fetch INFO: Retrieving glucose data
+2025-09-05 09:42:19,090 [329.61077427864075] fetch INFO: Retrieving glucose data
+2025-09-05 09:42:25,012 [335.5321207046509] fetch INFO: Retrieving glucose data
+2025-09-05 09:42:30,947 [341.46700620651245] fetch INFO: Retrieving glucose data
+2025-09-05 09:42:36,911 [347.4308571815491] fetch INFO: Retrieving glucose data
+2025-09-05 09:42:42,846 [353.3659174442291] fetch INFO: Retrieving glucose data
+2025-09-05 09:42:48,864 [359.38458466529846] fetch INFO: Retrieving glucose data
+2025-09-05 09:42:54,807 [365.32712745666504] fetch INFO: Retrieving glucose data
+2025-09-05 09:43:00,788 [371.30827236175537] fetch INFO: Retrieving glucose data
+2025-09-05 09:43:06,855 [377.37582421302795] fetch INFO: Retrieving glucose data
+2025-09-05 09:43:13,588 [384.1085386276245] fetch INFO: Retrieving glucose data
+2025-09-05 09:43:19,480 [390.0002439022064] fetch INFO: Retrieving glucose data
+2025-09-05 09:43:25,400 [395.92078709602356] fetch INFO: Retrieving glucose data
+2025-09-05 09:43:31,400 [401.92059111595154] fetch INFO: Retrieving glucose data
+2025-09-05 09:43:37,490 [408.01040148735046] fetch INFO: Retrieving glucose data
+2025-09-05 09:43:44,436 [414.9560739994049] fetch INFO: Retrieving glucose data
+2025-09-05 09:43:50,590 [421.1102478504181] fetch INFO: Retrieving glucose data
+2025-09-05 09:43:51,553 [422.07380509376526] service INFO: User not authenticated, authenticating
+2025-09-05 09:43:52,663 [423.18318223953247] service INFO: Authentication Successful
+2025-09-05 09:43:57,665 [428.18491673469543] fetch INFO: Retrieving glucose data
+2025-09-05 09:44:03,763 [434.2837176322937] fetch INFO: Retrieving glucose data
+2025-09-05 09:44:09,641 [440.1617362499237] fetch INFO: Retrieving glucose data
+2025-09-05 09:44:15,588 [446.10833263397217] fetch INFO: Retrieving glucose data
+2025-09-05 09:44:21,552 [452.07273626327515] fetch INFO: Retrieving glucose data
+2025-09-05 09:44:27,373 [457.8934829235077] fetch INFO: Retrieving glucose data
+2025-09-05 09:44:33,421 [463.94114422798157] fetch INFO: Retrieving glucose data
+2025-09-05 09:44:39,493 [470.0135374069214] fetch INFO: Retrieving glucose data
+2025-09-05 09:44:45,496 [476.0164647102356] fetch INFO: Retrieving glucose data
+2025-09-05 09:44:51,411 [481.93103408813477] fetch INFO: Retrieving glucose data
+2025-09-05 09:44:57,484 [488.00477027893066] fetch INFO: Retrieving glucose data
+2025-09-05 09:45:03,697 [494.2171127796173] fetch INFO: Retrieving glucose data
+2025-09-05 09:45:09,619 [500.13944363594055] fetch INFO: Retrieving glucose data
+2025-09-05 09:45:15,683 [506.20309352874756] fetch INFO: Retrieving glucose data
+2025-09-05 09:45:21,756 [512.2768068313599] fetch INFO: Retrieving glucose data
+2025-09-05 09:45:27,874 [518.394522190094] fetch INFO: Retrieving glucose data
+2025-09-05 09:45:34,045 [524.5656712055206] fetch INFO: Retrieving glucose data
+2025-09-05 09:45:40,101 [530.6215953826904] fetch INFO: Retrieving glucose data
+2025-09-05 09:45:46,147 [536.6671435832977] fetch INFO: Retrieving glucose data
+2025-09-05 09:45:52,150 [542.6701378822327] fetch INFO: Retrieving glucose data
+2025-09-05 09:45:58,215 [548.735422372818] fetch INFO: Retrieving glucose data
+2025-09-05 09:46:04,283 [554.8033900260925] fetch INFO: Retrieving glucose data
+2025-09-05 09:46:10,218 [560.7385528087616] fetch INFO: Retrieving glucose data
+2025-09-05 09:46:16,207 [566.7268924713135] fetch INFO: Retrieving glucose data
+2025-09-05 09:46:22,507 [573.0269732475281] fetch INFO: Retrieving glucose data
+2025-09-05 09:46:28,431 [578.9508843421936] fetch INFO: Retrieving glucose data
+2025-09-05 09:46:34,468 [584.988356590271] fetch INFO: Retrieving glucose data
+2025-09-05 09:46:40,496 [591.0160894393921] fetch INFO: Retrieving glucose data
+2025-09-05 09:46:46,468 [596.988077878952] fetch INFO: Retrieving glucose data
+2025-09-05 09:46:52,430 [602.9507262706757] fetch INFO: Retrieving glucose data
+2025-09-05 09:46:58,657 [609.1771860122681] fetch INFO: Retrieving glucose data
+2025-09-05 09:47:04,468 [614.9885671138763] fetch INFO: Retrieving glucose data
+2025-09-05 09:47:10,507 [621.0269317626953] fetch INFO: Retrieving glucose data
+2025-09-05 09:47:16,528 [627.0483589172363] fetch INFO: Retrieving glucose data
+2025-09-05 09:47:22,478 [632.9986927509308] fetch INFO: Retrieving glucose data
+2025-09-05 09:47:28,545 [639.065016746521] fetch INFO: Retrieving glucose data
+2025-09-05 09:47:34,378 [644.8986361026764] fetch INFO: Retrieving glucose data
+2025-09-05 09:47:40,382 [650.9023497104645] fetch INFO: Retrieving glucose data
+2025-09-05 09:47:46,407 [656.9273190498352] fetch INFO: Retrieving glucose data
+2025-09-05 09:47:52,694 [663.2141950130463] fetch INFO: Retrieving glucose data
+2025-09-05 09:47:58,591 [669.1113712787628] fetch INFO: Retrieving glucose data
+2025-09-05 09:48:04,661 [675.1808865070343] fetch INFO: Retrieving glucose data
+2025-09-05 09:48:10,811 [681.3308596611023] fetch INFO: Retrieving glucose data
+2025-09-05 09:48:16,793 [687.3135657310486] fetch INFO: Retrieving glucose data
+2025-09-05 09:48:22,925 [693.4449107646942] fetch INFO: Retrieving glucose data
+2025-09-05 09:48:28,944 [699.4639036655426] fetch INFO: Retrieving glucose data
+2025-09-05 09:48:35,091 [705.6108827590942] fetch INFO: Retrieving glucose data
+2025-09-05 09:48:41,025 [711.5450003147125] fetch INFO: Retrieving glucose data
+2025-09-05 09:48:47,147 [717.6670970916748] fetch INFO: Retrieving glucose data
+2025-09-05 09:48:53,078 [723.5980927944183] fetch INFO: Retrieving glucose data
+2025-09-05 09:48:59,184 [729.704626083374] fetch INFO: Retrieving glucose data
+2025-09-05 09:49:05,591 [736.1116936206818] fetch INFO: Retrieving glucose data
+2025-09-05 09:49:11,620 [742.1403844356537] fetch INFO: Retrieving glucose data
+2025-09-05 09:49:17,609 [748.1292562484741] fetch INFO: Retrieving glucose data
+2025-09-05 09:49:23,628 [754.1479108333588] fetch INFO: Retrieving glucose data
+2025-09-05 09:49:29,693 [760.2130715847015] fetch INFO: Retrieving glucose data
+2025-09-05 09:49:35,784 [766.3039462566376] fetch INFO: Retrieving glucose data
+2025-09-05 09:49:41,854 [772.3745772838593] fetch INFO: Retrieving glucose data
+2025-09-05 09:49:47,909 [778.4297955036163] fetch INFO: Retrieving glucose data
+2025-09-05 09:49:53,867 [784.387181520462] fetch INFO: Retrieving glucose data
+2025-09-05 09:49:59,777 [790.297785282135] fetch INFO: Retrieving glucose data
+2025-09-05 09:50:05,599 [796.119411945343] fetch INFO: Retrieving glucose data
+2025-09-05 09:50:11,549 [802.0695331096649] fetch INFO: Retrieving glucose data
+2025-09-05 09:50:17,521 [808.0415661334991] fetch INFO: Retrieving glucose data
+2025-09-05 09:50:23,636 [814.1559457778931] fetch INFO: Retrieving glucose data
+2025-09-05 09:50:29,612 [820.1318304538727] fetch INFO: Retrieving glucose data
+2025-09-05 09:50:35,934 [826.4541795253754] fetch INFO: Retrieving glucose data
+2025-09-05 09:50:41,976 [832.4966063499451] fetch INFO: Retrieving glucose data
+2025-09-05 09:50:48,057 [838.577802658081] fetch INFO: Retrieving glucose data
+2025-09-05 09:50:54,152 [844.6721999645233] fetch INFO: Retrieving glucose data
+2025-09-05 09:51:01,107 [851.6269824504852] fetch INFO: Retrieving glucose data
+2025-09-05 09:51:07,145 [857.6656754016876] fetch INFO: Retrieving glucose data
+2025-09-05 09:51:13,122 [863.6424322128296] fetch INFO: Retrieving glucose data
+2025-09-05 09:51:19,141 [869.6615772247314] fetch INFO: Retrieving glucose data
+2025-09-05 09:51:25,314 [875.8346149921417] fetch INFO: Retrieving glucose data
+2025-09-05 09:51:31,976 [882.4960501194] fetch INFO: Retrieving glucose data
+2025-09-05 09:51:38,177 [888.6972727775574] fetch INFO: Retrieving glucose data
+2025-09-05 09:51:44,212 [894.732195854187] fetch INFO: Retrieving glucose data
+2025-09-05 09:51:50,197 [900.7171351909637] fetch INFO: Retrieving glucose data
+2025-09-05 09:51:56,225 [906.7450630664825] fetch INFO: Retrieving glucose data
+2025-09-05 09:52:02,143 [912.6636989116669] fetch INFO: Retrieving glucose data
+2025-09-05 09:52:08,173 [918.6928868293762] fetch INFO: Retrieving glucose data
+2025-09-05 09:52:14,499 [925.0197687149048] fetch INFO: Retrieving glucose data
+2025-09-05 09:52:20,505 [931.0253400802612] fetch INFO: Retrieving glucose data
+2025-09-05 09:52:26,670 [937.1900861263275] fetch INFO: Retrieving glucose data
+2025-09-05 09:52:32,638 [943.1585237979889] fetch INFO: Retrieving glucose data
+2025-09-05 09:52:38,728 [949.248377084732] fetch INFO: Retrieving glucose data
+2025-09-05 09:52:44,760 [955.2801988124847] fetch INFO: Retrieving glucose data
+2025-09-05 09:52:50,790 [961.31028175354] fetch INFO: Retrieving glucose data
+2025-09-05 09:52:56,677 [967.1974608898163] fetch INFO: Retrieving glucose data
+2025-09-05 09:53:02,719 [973.2388896942139] fetch INFO: Retrieving glucose data
+2025-09-05 09:53:08,745 [979.2656314373016] fetch INFO: Retrieving glucose data
+2025-09-05 09:53:14,703 [985.2236392498016] fetch INFO: Retrieving glucose data
+2025-09-05 09:53:20,683 [991.2032744884491] fetch INFO: Retrieving glucose data
+2025-09-05 09:53:26,730 [997.2504880428314] fetch INFO: Retrieving glucose data
+2025-09-05 09:53:32,878 [1003.3981902599335] fetch INFO: Retrieving glucose data
+2025-09-05 09:53:38,798 [1009.3183887004852] fetch INFO: Retrieving glucose data
+2025-09-05 09:53:44,976 [1015.4966399669647] fetch INFO: Retrieving glucose data
+2025-09-05 09:53:50,993 [1021.5130834579468] fetch INFO: Retrieving glucose data
+2025-09-05 09:53:57,062 [1027.5824608802795] fetch INFO: Retrieving glucose data
+2025-09-05 09:54:03,000 [1033.5201642513275] fetch INFO: Retrieving glucose data
+2025-09-05 09:54:09,096 [1039.6161005496979] fetch INFO: Retrieving glucose data
+2025-09-05 09:54:14,904 [1045.4239873886108] fetch INFO: Retrieving glucose data
+2025-09-05 09:54:20,788 [1051.3078980445862] fetch INFO: Retrieving glucose data
+2025-09-05 09:54:26,841 [1057.3616132736206] fetch INFO: Retrieving glucose data
+2025-09-05 09:54:32,778 [1063.2981114387512] fetch INFO: Retrieving glucose data
+2025-09-05 09:54:38,797 [1069.3221380710602] fetch INFO: Retrieving glucose data
+2025-09-05 09:54:45,159 [1075.679458141327] fetch INFO: Retrieving glucose data
+2025-09-05 09:54:51,185 [1081.7055361270905] fetch INFO: Retrieving glucose data
+2025-09-05 09:54:57,194 [1087.7140564918518] fetch INFO: Retrieving glucose data
+2025-09-05 09:55:03,323 [1093.8434629440308] fetch INFO: Retrieving glucose data
+2025-09-05 09:55:09,226 [1099.7465732097626] fetch INFO: Retrieving glucose data
+2025-09-05 09:55:15,067 [1105.5873801708221] fetch INFO: Retrieving glucose data
+2025-09-05 09:55:21,097 [1111.617446422577] fetch INFO: Retrieving glucose data
+2025-09-05 09:55:27,020 [1117.5403263568878] fetch INFO: Retrieving glucose data
+2025-09-05 09:55:32,833 [1123.3531999588013] fetch INFO: Retrieving glucose data
+2025-09-05 09:55:38,731 [1129.2513654232025] fetch INFO: Retrieving glucose data
+2025-09-05 09:55:44,766 [1135.285887479782] fetch INFO: Retrieving glucose data
+2025-09-05 09:55:50,719 [1141.2397532463074] fetch INFO: Retrieving glucose data
+2025-09-05 09:55:56,739 [1147.2590959072113] fetch INFO: Retrieving glucose data
+2025-09-05 09:56:02,789 [1153.309743642807] fetch INFO: Retrieving glucose data
+2025-09-05 09:56:08,751 [1159.271381855011] fetch INFO: Retrieving glucose data
+2025-09-05 09:56:14,769 [1165.2893903255463] fetch INFO: Retrieving glucose data
+2025-09-05 09:56:20,817 [1171.337440252304] fetch INFO: Retrieving glucose data
+2025-09-05 09:56:26,955 [1177.4751057624817] fetch INFO: Retrieving glucose data
+2025-09-05 09:56:32,984 [1183.5044209957123] fetch INFO: Retrieving glucose data
+2025-09-05 09:56:39,322 [1189.8422400951385] fetch INFO: Retrieving glucose data
+2025-09-05 09:56:45,308 [1195.8285875320435] fetch INFO: Retrieving glucose data
+2025-09-05 09:56:51,300 [1201.820808649063] fetch INFO: Retrieving glucose data
+2025-09-05 09:56:57,318 [1207.8378176689148] fetch INFO: Retrieving glucose data
+2025-09-05 09:57:03,498 [1214.0184133052826] fetch INFO: Retrieving glucose data
+2025-09-05 09:57:09,601 [1220.1215431690216] fetch INFO: Retrieving glucose data
+2025-09-05 09:57:15,584 [1226.1039853096008] fetch INFO: Retrieving glucose data
+2025-09-05 09:57:21,550 [1232.0699481964111] fetch INFO: Retrieving glucose data
+2025-09-05 09:57:27,778 [1238.2979950904846] fetch INFO: Retrieving glucose data
+2025-09-05 09:57:33,915 [1244.4351408481598] fetch INFO: Retrieving glucose data
+2025-09-05 09:57:39,843 [1250.3634629249573] fetch INFO: Retrieving glucose data
+2025-09-05 09:57:45,794 [1256.3146073818207] fetch INFO: Retrieving glucose data
+2025-09-05 09:57:51,755 [1262.2750356197357] fetch INFO: Retrieving glucose data
+2025-09-05 09:57:57,885 [1268.4050529003143] fetch INFO: Retrieving glucose data
+2025-09-05 09:58:04,026 [1274.5461440086365] fetch INFO: Retrieving glucose data
+2025-09-05 09:58:09,963 [1280.4831595420837] fetch INFO: Retrieving glucose data
+2025-09-05 09:58:16,117 [1286.637187719345] fetch INFO: Retrieving glucose data
+2025-09-05 09:58:22,006 [1292.5260980129242] fetch INFO: Retrieving glucose data
+2025-09-05 09:58:28,079 [1298.5997648239136] fetch INFO: Retrieving glucose data
+2025-09-05 09:58:34,132 [1304.652444601059] fetch INFO: Retrieving glucose data
+2025-09-05 09:58:40,192 [1310.7119331359863] fetch INFO: Retrieving glucose data
+2025-09-05 09:58:46,099 [1316.6189110279083] fetch INFO: Retrieving glucose data
+2025-09-05 09:58:52,131 [1322.6508586406708] fetch INFO: Retrieving glucose data
+2025-09-05 09:58:58,062 [1328.582767009735] fetch INFO: Retrieving glucose data
+2025-09-05 09:59:04,134 [1334.6539454460144] fetch INFO: Retrieving glucose data
+2025-09-05 09:59:10,072 [1340.5923299789429] fetch INFO: Retrieving glucose data
+2025-09-05 09:59:15,980 [1346.5003831386566] fetch INFO: Retrieving glucose data
+2025-09-05 09:59:22,044 [1352.5646812915802] fetch INFO: Retrieving glucose data
+2025-09-05 09:59:27,982 [1358.5025579929352] fetch INFO: Retrieving glucose data
+2025-09-05 09:59:34,046 [1364.5660960674286] fetch INFO: Retrieving glucose data
+2025-09-05 09:59:40,195 [1370.7151553630829] fetch INFO: Retrieving glucose data
+2025-09-05 09:59:46,231 [1376.7512593269348] fetch INFO: Retrieving glucose data
+2025-09-05 09:59:52,286 [1382.8065786361694] fetch INFO: Retrieving glucose data
+2025-09-05 09:59:58,186 [1388.7066996097565] fetch INFO: Retrieving glucose data
+2025-09-05 10:00:04,216 [1394.7362592220306] fetch INFO: Retrieving glucose data
+2025-09-05 10:00:10,129 [1400.649118423462] fetch INFO: Retrieving glucose data
+2025-09-05 10:00:16,230 [1406.7502484321594] fetch INFO: Retrieving glucose data
+2025-09-05 10:00:22,287 [1412.8071973323822] fetch INFO: Retrieving glucose data
+2025-09-05 10:00:28,316 [1418.83651638031] fetch INFO: Retrieving glucose data
+2025-09-05 10:00:34,339 [1424.8590245246887] fetch INFO: Retrieving glucose data
+2025-09-05 10:00:40,229 [1430.7489020824432] fetch INFO: Retrieving glucose data
+2025-09-05 10:00:46,126 [1436.646354675293] fetch INFO: Retrieving glucose data
+2025-09-05 10:00:52,164 [1442.6842436790466] fetch INFO: Retrieving glucose data
+2025-09-05 10:00:58,107 [1448.6272571086884] fetch INFO: Retrieving glucose data
+2025-09-05 10:01:04,161 [1454.6811990737915] fetch INFO: Retrieving glucose data
+2025-09-05 10:01:10,109 [1460.6296932697296] fetch INFO: Retrieving glucose data
+2025-09-05 10:01:16,050 [1466.5700147151947] fetch INFO: Retrieving glucose data
+2025-09-05 10:01:22,067 [1472.587705373764] fetch INFO: Retrieving glucose data
+2025-09-05 10:01:27,999 [1478.5190000534058] fetch INFO: Retrieving glucose data
+2025-09-05 10:01:34,257 [1484.777349472046] fetch INFO: Retrieving glucose data
+2025-09-05 10:01:40,304 [1490.8245830535889] fetch INFO: Retrieving glucose data
+2025-09-05 10:01:46,353 [1496.873770236969] fetch INFO: Retrieving glucose data
+2025-09-05 10:01:52,313 [1502.8336708545685] fetch INFO: Retrieving glucose data
+2025-09-05 10:01:58,289 [1508.8097624778748] fetch INFO: Retrieving glucose data
+2025-09-05 10:02:04,369 [1514.889450788498] fetch INFO: Retrieving glucose data
+2025-09-05 10:02:10,455 [1520.9751644134521] fetch INFO: Retrieving glucose data
+2025-09-05 10:02:16,438 [1526.9587705135345] fetch INFO: Retrieving glucose data
+2025-09-05 10:02:22,509 [1533.0290784835815] fetch INFO: Retrieving glucose data
+2025-09-05 10:02:28,530 [1539.0503387451172] fetch INFO: Retrieving glucose data
+2025-09-05 10:02:34,716 [1545.236499786377] fetch INFO: Retrieving glucose data
+2025-09-05 10:02:40,651 [1551.1710276603699] fetch INFO: Retrieving glucose data
+2025-09-05 10:02:46,655 [1557.174997329712] fetch INFO: Retrieving glucose data
+2025-09-05 10:02:52,621 [1563.1408243179321] fetch INFO: Retrieving glucose data
+2025-09-05 10:02:58,633 [1569.1532394886017] fetch INFO: Retrieving glucose data
+2025-09-05 10:03:04,674 [1575.1941866874695] fetch INFO: Retrieving glucose data
+2025-09-05 10:03:10,692 [1581.2119626998901] fetch INFO: Retrieving glucose data
+2025-09-05 10:03:16,651 [1587.1710259914398] fetch INFO: Retrieving glucose data
+2025-09-05 10:03:22,643 [1593.1635987758636] fetch INFO: Retrieving glucose data
+2025-09-05 10:03:28,473 [1598.9937193393707] fetch INFO: Retrieving glucose data
+2025-09-05 10:03:34,890 [1605.4099555015564] fetch INFO: Retrieving glucose data
+2025-09-05 10:03:40,814 [1611.33434009552] fetch INFO: Retrieving glucose data
+2025-09-05 10:03:46,715 [1617.2354443073273] fetch INFO: Retrieving glucose data
+2025-09-05 10:03:52,911 [1623.4310915470123] fetch INFO: Retrieving glucose data
+2025-09-05 10:03:58,771 [1629.2910904884338] fetch INFO: Retrieving glucose data
+2025-09-05 10:04:04,703 [1635.2228555679321] fetch INFO: Retrieving glucose data
+2025-09-05 10:04:10,619 [1641.1388595104218] fetch INFO: Retrieving glucose data
+2025-09-05 10:04:16,556 [1647.0762894153595] fetch INFO: Retrieving glucose data
+2025-09-05 10:04:22,639 [1653.1590020656586] fetch INFO: Retrieving glucose data
+2025-09-05 10:04:28,775 [1659.2950053215027] fetch INFO: Retrieving glucose data
+2025-09-05 10:04:34,682 [1665.2027485370636] fetch INFO: Retrieving glucose data
+2025-09-05 10:04:40,815 [1671.3357193470001] fetch INFO: Retrieving glucose data
+2025-09-05 10:04:46,770 [1677.2907962799072] fetch INFO: Retrieving glucose data
+2025-09-05 10:04:52,843 [1683.3628780841827] fetch INFO: Retrieving glucose data
+2025-09-05 10:04:58,750 [1689.2707707881927] fetch INFO: Retrieving glucose data
+2025-09-05 10:05:04,689 [1695.2089960575104] fetch INFO: Retrieving glucose data
+2025-09-05 10:05:10,628 [1701.1478490829468] fetch INFO: Retrieving glucose data
+2025-09-05 10:05:16,560 [1707.0803780555725] fetch INFO: Retrieving glucose data
+2025-09-05 10:05:22,499 [1713.0195820331573] fetch INFO: Retrieving glucose data
+2025-09-05 10:05:28,303 [1718.823409318924] fetch INFO: Retrieving glucose data
+2025-09-05 10:05:34,278 [1724.7985122203827] fetch INFO: Retrieving glucose data
+2025-09-05 10:05:40,319 [1730.839082956314] fetch INFO: Retrieving glucose data
+2025-09-05 10:05:46,316 [1736.8362319469452] fetch INFO: Retrieving glucose data
+2025-09-05 10:05:52,405 [1742.9255981445312] fetch INFO: Retrieving glucose data
+2025-09-05 10:05:58,607 [1749.1273136138916] fetch INFO: Retrieving glucose data
+2025-09-05 10:06:04,587 [1755.1073422431946] fetch INFO: Retrieving glucose data
+2025-09-05 10:06:10,547 [1761.0668563842773] fetch INFO: Retrieving glucose data
+2025-09-05 10:06:16,529 [1767.0494673252106] fetch INFO: Retrieving glucose data
+2025-09-05 10:06:22,596 [1773.1158277988434] fetch INFO: Retrieving glucose data
+2025-09-05 10:06:28,631 [1779.1508688926697] fetch INFO: Retrieving glucose data
+2025-09-05 10:06:34,597 [1785.1172683238983] fetch INFO: Retrieving glucose data
+2025-09-05 10:06:40,647 [1791.1668910980225] fetch INFO: Retrieving glucose data
+2025-09-05 10:06:46,659 [1797.179589509964] fetch INFO: Retrieving glucose data
+2025-09-05 10:06:52,723 [1803.2428526878357] fetch INFO: Retrieving glucose data
+2025-09-05 10:06:58,663 [1809.1828286647797] fetch INFO: Retrieving glucose data
+2025-09-05 10:07:04,814 [1815.3341400623322] fetch INFO: Retrieving glucose data
+2025-09-05 10:07:10,671 [1821.191235780716] fetch INFO: Retrieving glucose data
+2025-09-05 10:07:16,596 [1827.1165659427643] fetch INFO: Retrieving glucose data
+2025-09-05 10:07:22,827 [1833.3475341796875] fetch INFO: Retrieving glucose data
+2025-09-05 10:07:28,782 [1839.3019342422485] fetch INFO: Retrieving glucose data
+2025-09-05 10:07:34,814 [1845.3342611789703] fetch INFO: Retrieving glucose data
+2025-09-05 10:07:40,683 [1851.2035109996796] fetch INFO: Retrieving glucose data
+2025-09-05 10:07:46,656 [1857.176404953003] fetch INFO: Retrieving glucose data
+2025-09-05 10:07:52,701 [1863.2213134765625] fetch INFO: Retrieving glucose data
+2025-09-05 10:07:58,854 [1869.3738794326782] fetch INFO: Retrieving glucose data
+2025-09-05 10:08:04,960 [1875.4802041053772] fetch INFO: Retrieving glucose data
+2025-09-05 10:08:10,863 [1881.383548259735] fetch INFO: Retrieving glucose data
+2025-09-05 10:08:16,804 [1887.3246302604675] fetch INFO: Retrieving glucose data
+2025-09-05 10:08:22,876 [1893.396671295166] fetch INFO: Retrieving glucose data
+2025-09-05 10:08:28,929 [1899.4488427639008] fetch INFO: Retrieving glucose data
+2025-09-05 10:08:34,851 [1905.3711111545563] fetch INFO: Retrieving glucose data
+2025-09-05 10:08:40,708 [1911.2283012866974] fetch INFO: Retrieving glucose data
+2025-09-05 10:08:46,803 [1917.3235793113708] fetch INFO: Retrieving glucose data
+2025-09-05 10:08:52,740 [1923.2601246833801] fetch INFO: Retrieving glucose data
+2025-09-05 10:08:58,696 [1929.2161619663239] fetch INFO: Retrieving glucose data
+2025-09-05 10:09:04,737 [1935.2575011253357] fetch INFO: Retrieving glucose data
+2025-09-05 10:09:10,587 [1941.106950044632] fetch INFO: Retrieving glucose data
+2025-09-05 10:09:16,497 [1947.0169370174408] fetch INFO: Retrieving glucose data
+2025-09-05 10:09:22,450 [1952.9703621864319] fetch INFO: Retrieving glucose data
+2025-09-05 10:09:28,338 [1958.8585209846497] fetch INFO: Retrieving glucose data
+2025-09-05 10:09:34,380 [1964.9002435207367] fetch INFO: Retrieving glucose data
+2025-09-05 10:09:40,362 [1970.8819417953491] fetch INFO: Retrieving glucose data
+2025-09-05 10:09:46,407 [1976.9270808696747] fetch INFO: Retrieving glucose data
+2025-09-05 10:09:52,324 [1982.8441405296326] fetch INFO: Retrieving glucose data
+2025-09-05 10:09:58,201 [1988.721596479416] fetch INFO: Retrieving glucose data
+2025-09-05 10:10:04,205 [1994.7256364822388] fetch INFO: Retrieving glucose data
+2025-09-05 10:10:10,257 [2000.77778506279] fetch INFO: Retrieving glucose data
+2025-09-05 10:10:16,419 [2006.9396402835846] fetch INFO: Retrieving glucose data
+2025-09-05 10:10:22,331 [2012.851305961609] fetch INFO: Retrieving glucose data
+2025-09-05 10:10:28,683 [2019.2035567760468] fetch INFO: Retrieving glucose data
+2025-09-05 10:10:34,593 [2025.1137726306915] fetch INFO: Retrieving glucose data
+2025-09-05 10:10:40,670 [2031.1906826496124] fetch INFO: Retrieving glucose data
+2025-09-05 10:10:46,756 [2037.2762570381165] fetch INFO: Retrieving glucose data
+2025-09-05 10:10:52,857 [2043.3777060508728] fetch INFO: Retrieving glucose data
+2025-09-05 10:10:58,945 [2049.4651453495026] fetch INFO: Retrieving glucose data
+2025-09-05 10:11:04,940 [2055.460305452347] fetch INFO: Retrieving glucose data
+2025-09-05 10:11:10,975 [2061.495227575302] fetch INFO: Retrieving glucose data
+2025-09-05 10:11:16,921 [2067.4409594535828] fetch INFO: Retrieving glucose data
+2025-09-05 10:11:23,346 [2073.8659703731537] fetch INFO: Retrieving glucose data
+2025-09-05 10:11:29,279 [2079.799579143524] fetch INFO: Retrieving glucose data
+2025-09-05 10:11:35,478 [2085.99782037735] fetch INFO: Retrieving glucose data
+2025-09-05 10:11:42,328 [2092.8481316566467] fetch INFO: Retrieving glucose data
+2025-09-05 10:11:48,255 [2098.775368452072] fetch INFO: Retrieving glucose data
+2025-09-05 10:11:54,401 [2104.920849084854] fetch INFO: Retrieving glucose data
+2025-09-05 10:12:00,440 [2110.9598717689514] fetch INFO: Retrieving glucose data
+2025-09-05 10:12:06,484 [2117.004037618637] fetch INFO: Retrieving glucose data
+2025-09-05 10:12:12,611 [2123.1308279037476] fetch INFO: Retrieving glucose data
+2025-09-05 10:12:18,575 [2129.095106124878] fetch INFO: Retrieving glucose data
+2025-09-05 10:12:24,517 [2135.0369515419006] fetch INFO: Retrieving glucose data
+2025-09-05 10:12:30,484 [2141.004304409027] fetch INFO: Retrieving glucose data
+2025-09-05 10:12:36,354 [2146.8739178180695] fetch INFO: Retrieving glucose data
+2025-09-05 10:12:42,447 [2152.9675929546356] fetch INFO: Retrieving glucose data
+2025-09-05 10:12:48,422 [2158.9422991275787] fetch INFO: Retrieving glucose data
+2025-09-05 10:12:54,355 [2164.875771045685] fetch INFO: Retrieving glucose data
+2025-09-05 10:13:00,465 [2170.9848289489746] fetch INFO: Retrieving glucose data
+2025-09-05 10:13:06,796 [2177.3158328533173] fetch INFO: Retrieving glucose data
+2025-09-05 10:13:12,831 [2183.3512864112854] fetch INFO: Retrieving glucose data
+2025-09-05 10:13:19,090 [2189.6105852127075] fetch INFO: Retrieving glucose data
+2025-09-05 10:13:25,195 [2195.715240716934] fetch INFO: Retrieving glucose data
+2025-09-05 10:13:31,057 [2201.5771012306213] fetch INFO: Retrieving glucose data
+2025-09-05 10:13:37,137 [2207.6576805114746] fetch INFO: Retrieving glucose data
+2025-09-05 10:13:43,025 [2213.5453526973724] fetch INFO: Retrieving glucose data
+2025-09-05 10:13:49,100 [2219.6206588745117] fetch INFO: Retrieving glucose data
+2025-09-05 10:13:55,021 [2225.540990591049] fetch INFO: Retrieving glucose data
+2025-09-05 10:14:01,058 [2231.578032016754] fetch INFO: Retrieving glucose data
+2025-09-05 10:14:07,075 [2237.5948293209076] fetch INFO: Retrieving glucose data
+2025-09-05 10:14:12,958 [2243.4786801338196] fetch INFO: Retrieving glucose data
+2025-09-05 10:14:18,970 [2249.490616798401] fetch INFO: Retrieving glucose data
+2025-09-05 10:14:25,013 [2255.5337765216827] fetch INFO: Retrieving glucose data
+2025-09-05 10:14:30,922 [2261.442446947098] fetch INFO: Retrieving glucose data
+2025-09-05 10:14:36,976 [2267.4960672855377] fetch INFO: Retrieving glucose data
+2025-09-05 10:14:42,964 [2273.4848053455353] fetch INFO: Retrieving glucose data
+2025-09-05 10:14:48,981 [2279.5013840198517] fetch INFO: Retrieving glucose data
+2025-09-05 10:14:55,111 [2285.6311976909637] fetch INFO: Retrieving glucose data
+2025-09-05 10:15:01,108 [2291.6287789344788] fetch INFO: Retrieving glucose data
+2025-09-05 10:15:07,142 [2297.662789106369] fetch INFO: Retrieving glucose data
+2025-09-05 10:15:13,294 [2303.81423330307] fetch INFO: Retrieving glucose data
+2025-09-05 10:15:19,400 [2309.9205071926117] fetch INFO: Retrieving glucose data
+2025-09-05 10:15:25,434 [2315.9544293880463] fetch INFO: Retrieving glucose data
+2025-09-05 10:15:31,368 [2321.888632297516] fetch INFO: Retrieving glucose data
+2025-09-05 10:15:37,360 [2327.880181312561] fetch INFO: Retrieving glucose data
+2025-09-05 10:15:43,256 [2333.77658867836] fetch INFO: Retrieving glucose data
+2025-09-05 10:15:49,226 [2339.7461812496185] fetch INFO: Retrieving glucose data
+2025-09-05 10:15:55,165 [2345.685546398163] fetch INFO: Retrieving glucose data
+2025-09-05 10:16:01,050 [2351.5705227851868] fetch INFO: Retrieving glucose data
+2025-09-05 10:16:07,084 [2357.604456424713] fetch INFO: Retrieving glucose data
+2025-09-05 10:16:13,058 [2363.578458547592] fetch INFO: Retrieving glucose data
+2025-09-05 10:16:18,994 [2369.5145828723907] fetch INFO: Retrieving glucose data
+2025-09-05 10:16:24,958 [2375.478505373001] fetch INFO: Retrieving glucose data
+2025-09-05 10:16:30,967 [2381.4868524074554] fetch INFO: Retrieving glucose data
+2025-09-05 10:16:38,163 [2388.6830956935883] fetch INFO: Retrieving glucose data
+2025-09-05 10:16:44,179 [2394.6990973949432] fetch INFO: Retrieving glucose data
+2025-09-05 10:16:50,190 [2400.7098207473755] fetch INFO: Retrieving glucose data
+2025-09-05 10:16:56,167 [2406.6870868206024] fetch INFO: Retrieving glucose data
+2025-09-05 10:17:02,128 [2412.6480824947357] fetch INFO: Retrieving glucose data
+2025-09-05 10:17:08,144 [2418.6639869213104] fetch INFO: Retrieving glucose data
+2025-09-05 10:17:14,098 [2424.6178798675537] fetch INFO: Retrieving glucose data
+2025-09-05 10:17:20,132 [2430.651916742325] fetch INFO: Retrieving glucose data
+2025-09-05 10:17:26,059 [2436.5789139270782] fetch INFO: Retrieving glucose data
+2025-09-05 10:17:31,994 [2442.5145070552826] fetch INFO: Retrieving glucose data
+2025-09-05 10:17:37,892 [2448.4118626117706] fetch INFO: Retrieving glucose data
+2025-09-05 10:17:43,811 [2454.3314456939697] fetch INFO: Retrieving glucose data
+2025-09-05 10:17:49,773 [2460.2937252521515] fetch INFO: Retrieving glucose data
+2025-09-05 10:17:55,683 [2466.2028448581696] fetch INFO: Retrieving glucose data
+2025-09-05 10:18:01,786 [2472.3065423965454] fetch INFO: Retrieving glucose data
+2025-09-05 10:18:07,669 [2478.189022541046] fetch INFO: Retrieving glucose data
+2025-09-05 10:18:13,569 [2484.0892810821533] fetch INFO: Retrieving glucose data
+2025-09-05 10:18:19,684 [2490.203933238983] fetch INFO: Retrieving glucose data
+2025-09-05 10:18:25,562 [2496.0820169448853] fetch INFO: Retrieving glucose data
+2025-09-05 10:18:31,506 [2502.027176618576] fetch INFO: Retrieving glucose data
+2025-09-05 10:18:37,547 [2508.0673480033875] fetch INFO: Retrieving glucose data
+2025-09-05 10:18:43,566 [2514.0866169929504] fetch INFO: Retrieving glucose data
+2025-09-05 10:18:49,709 [2520.229101896286] fetch INFO: Retrieving glucose data
+2025-09-05 10:18:55,769 [2526.289068698883] fetch INFO: Retrieving glucose data
+2025-09-05 10:19:01,833 [2532.353233575821] fetch INFO: Retrieving glucose data
+2025-09-05 10:19:08,035 [2538.5555596351624] fetch INFO: Retrieving glucose data
+2025-09-05 10:19:14,018 [2544.538527727127] fetch INFO: Retrieving glucose data
+2025-09-05 10:19:20,078 [2550.597998857498] fetch INFO: Retrieving glucose data
+2025-09-05 10:19:26,241 [2556.7635633945465] fetch INFO: Retrieving glucose data
+2025-09-05 10:19:32,313 [2562.833783388138] fetch INFO: Retrieving glucose data
+2025-09-05 10:19:38,346 [2568.865858078003] fetch INFO: Retrieving glucose data
+2025-09-05 10:19:44,213 [2574.73321390152] fetch INFO: Retrieving glucose data
+2025-09-05 10:19:50,160 [2580.68048620224] fetch INFO: Retrieving glucose data
+2025-09-05 10:19:56,275 [2586.795082807541] fetch INFO: Retrieving glucose data
+2025-09-05 10:20:02,226 [2592.746289730072] fetch INFO: Retrieving glucose data
+2025-09-05 10:20:08,203 [2598.7236671447754] fetch INFO: Retrieving glucose data
+2025-09-05 10:20:14,301 [2604.821444272995] fetch INFO: Retrieving glucose data
+2025-09-05 10:20:20,258 [2610.778725385666] fetch INFO: Retrieving glucose data
+2025-09-05 10:20:26,289 [2616.80974817276] fetch INFO: Retrieving glucose data
+2025-09-05 10:20:32,434 [2622.954601764679] fetch INFO: Retrieving glucose data
+2025-09-05 10:20:38,512 [2629.032078027725] fetch INFO: Retrieving glucose data
+2025-09-05 10:20:44,499 [2635.0197014808655] fetch INFO: Retrieving glucose data
+2025-09-05 10:20:50,560 [2641.0802216529846] fetch INFO: Retrieving glucose data
+2025-09-05 10:20:56,603 [2647.1237840652466] fetch INFO: Retrieving glucose data
+2025-09-05 10:21:02,671 [2653.191169500351] fetch INFO: Retrieving glucose data
+2025-09-05 10:21:08,611 [2659.131119251251] fetch INFO: Retrieving glucose data
