+2025-09-05 09:36:49,480 [0.0] boot INFO: Adding libs and mods folder to path
+2025-09-05 09:36:49,480 [0.0] boot INFO: Starting imports
+2025-09-05 09:36:51,925 [2.445432662963867] boot INFO: Starting Application, you wont be hearing from me anymore
+2025-09-05 09:36:52,140 [2.6602139472961426] ui INFO: Main frame loaded
+2025-09-05 09:36:52,142 [2.6622512340545654] service INFO: Checking if service is alive
+2025-09-05 09:36:53,046 [3.56664776802063] service INFO: Service is alive
+2025-09-05 09:36:53,046 [3.56664776802063] service INFO: Checking if service version is compatible
+2025-09-05 09:36:53,995 [4.51508641242981] app INFO: Checking login status
+2025-09-05 09:36:54,000 [4.520403623580933] app INFO: Authentication complete
+2025-09-05 09:36:54,000 [4.522415637969971] app INFO: Starting background thread
+2025-09-05 09:36:54,039 [4.55887770652771] fetch INFO: Fetch task is online
+2025-09-05 09:36:54,039 [4.55887770652771] fetch INFO: Retrieving glucose data
+2025-09-05 09:36:54,087 [4.6077659130096436] ui INFO: Window is active
+2025-09-05 09:36:54,912 [5.432019948959351] ui INFO: Change detected, updating display
+2025-09-05 09:36:59,901 [10.42143440246582] fetch INFO: Retrieving glucose data
+2025-09-05 09:37:05,822 [16.342113256454468] fetch INFO: Retrieving glucose data
+2025-09-05 09:37:11,878 [22.39878797531128] fetch INFO: Retrieving glucose data
+2025-09-05 09:37:17,847 [28.36769962310791] fetch INFO: Retrieving glucose data
+2025-09-05 09:37:24,044 [34.56444430351257] fetch INFO: Retrieving glucose data
+2025-09-05 09:37:29,994 [40.514774560928345] fetch INFO: Retrieving glucose data
+2025-09-05 09:37:36,078 [46.59861159324646] fetch INFO: Retrieving glucose data
+2025-09-05 09:37:42,085 [52.60504102706909] fetch INFO: Retrieving glucose data
+2025-09-05 09:37:48,033 [58.553733587265015] fetch INFO: Retrieving glucose data
+2025-09-05 09:37:54,065 [64.58534073829651] fetch INFO: Retrieving glucose data
+2025-09-05 09:38:00,098 [70.61829662322998] fetch INFO: Retrieving glucose data
+2025-09-05 09:38:06,252 [76.77210092544556] fetch INFO: Retrieving glucose data
+2025-09-05 09:38:12,391 [82.91149401664734] fetch INFO: Retrieving glucose data
+2025-09-05 09:38:18,467 [88.98753595352173] fetch INFO: Retrieving glucose data
+2025-09-05 09:38:24,511 [95.03125929832458] fetch INFO: Retrieving glucose data
+2025-09-05 09:38:30,554 [101.07408833503723] fetch INFO: Retrieving glucose data
+2025-09-05 09:38:36,652 [107.17218160629272] fetch INFO: Retrieving glucose data
+2025-09-05 09:38:42,600 [113.12051248550415] fetch INFO: Retrieving glucose data
+2025-09-05 09:38:48,671 [119.19112730026245] fetch INFO: Retrieving glucose data
+2025-09-05 09:38:54,785 [125.3049144744873] fetch INFO: Retrieving glucose data
+2025-09-05 09:39:00,719 [131.23975086212158] fetch INFO: Retrieving glucose data
+2025-09-05 09:39:06,781 [137.30151748657227] fetch INFO: Retrieving glucose data
+2025-09-05 09:39:12,820 [143.34051990509033] fetch INFO: Retrieving glucose data
+2025-09-05 09:39:18,656 [149.1766152381897] fetch INFO: Retrieving glucose data
+2025-09-05 09:39:24,680 [155.20071029663086] fetch INFO: Retrieving glucose data
+2025-09-05 09:39:30,691 [161.21126627922058] fetch INFO: Retrieving glucose data
+2025-09-05 09:39:36,642 [167.1625518798828] fetch INFO: Retrieving glucose data
+2025-09-05 09:39:42,505 [173.02579545974731] fetch INFO: Retrieving glucose data
+2025-09-05 09:39:48,602 [179.1224160194397] fetch INFO: Retrieving glucose data
+2025-09-05 09:39:54,703 [185.22284150123596] fetch INFO: Retrieving glucose data
+2025-09-05 09:40:00,588 [191.11024284362793] fetch INFO: Retrieving glucose data
+2025-09-05 09:40:06,569 [197.0888798236847] fetch INFO: Retrieving glucose data
+2025-09-05 09:40:12,614 [203.13469696044922] fetch INFO: Retrieving glucose data
+2025-09-05 09:40:18,711 [209.23118543624878] fetch INFO: Retrieving glucose data
+2025-09-05 09:40:24,800 [215.3200387954712] fetch INFO: Retrieving glucose data
+2025-09-05 09:40:30,842 [221.36195015907288] fetch INFO: Retrieving glucose data
+2025-09-05 09:40:37,390 [227.91021370887756] fetch INFO: Retrieving glucose data
+2025-09-05 09:40:43,329 [233.84927797317505] fetch INFO: Retrieving glucose data
+2025-09-05 09:40:49,247 [239.76702523231506] fetch INFO: Retrieving glucose data
+2025-09-05 09:40:55,271 [245.79136443138123] fetch INFO: Retrieving glucose data
+2025-09-05 09:41:01,224 [251.74469542503357] fetch INFO: Retrieving glucose data
+2025-09-05 09:41:07,398 [257.9186189174652] fetch INFO: Retrieving glucose data
+2025-09-05 09:41:13,339 [263.8592047691345] fetch INFO: Retrieving glucose data
+2025-09-05 09:41:19,371 [269.89137053489685] fetch INFO: Retrieving glucose data
+2025-09-05 09:41:25,315 [275.83569836616516] fetch INFO: Retrieving glucose data
+2025-09-05 09:41:31,270 [281.790638923645] fetch INFO: Retrieving glucose data
+2025-09-05 09:41:37,434 [287.95398592948914] fetch INFO: Retrieving glucose data
+2025-09-05 09:41:43,356 [293.8763175010681] fetch INFO: Retrieving glucose data
+2025-09-05 09:41:49,346 [299.86587929725647] fetch INFO: Retrieving glucose data
+2025-09-05 09:41:55,316 [305.83660793304443] fetch INFO: Retrieving glucose data
