+2025-08-22 09:54:19,622 [0.0] boot INFO: Adding libs and mods folder to path
+2025-08-22 09:54:19,622 [0.0] boot INFO: Starting imports
+2025-08-22 09:54:21,497 [1.875251293182373] boot INFO: Starting Application, you wont be hearing from me anymore
+2025-08-22 09:54:21,629 [2.0063276290893555] ui INFO: Main frame loaded
+2025-08-22 09:54:21,633 [2.0103418827056885] service INFO: Checking if service is alive
+2025-08-22 09:54:22,565 [2.9426169395446777] service INFO: Service is alive
+2025-08-22 09:54:22,565 [2.9426169395446777] service INFO: Checking if service version is compatible
+2025-08-22 09:54:23,479 [3.856964111328125] app INFO: Checking login status
+2025-08-22 09:54:23,481 [3.858555793762207] app INFO: Authentication complete
+2025-08-22 09:54:23,481 [3.858555793762207] app INFO: Starting background thread
+2025-08-22 09:54:23,487 [3.8648126125335693] fetch INFO: Fetch task is online
+2025-08-22 09:54:23,487 [3.8648126125335693] fetch INFO: Retrieving glucose data
+2025-08-22 09:54:23,601 [3.9788901805877686] ui INFO: Window is active
+2025-08-22 09:54:24,715 [5.092586517333984] ui INFO: Change detected, updating display
+2025-08-22 09:54:29,417 [9.79522442817688] fetch INFO: Retrieving glucose data
+2025-08-22 09:54:35,332 [15.709816694259644] fetch INFO: Retrieving glucose data
+2025-08-22 09:54:41,289 [21.667242765426636] fetch INFO: Retrieving glucose data
+2025-08-22 09:54:47,200 [27.577787399291992] fetch INFO: Retrieving glucose data
+2025-08-22 09:54:53,132 [33.51017141342163] fetch INFO: Retrieving glucose data
+2025-08-22 09:54:59,944 [40.32170653343201] fetch INFO: Retrieving glucose data
+2025-08-22 09:55:06,011 [46.38885140419006] fetch INFO: Retrieving glucose data
+2025-08-22 09:55:12,026 [52.40342903137207] fetch INFO: Retrieving glucose data
+2025-08-22 09:55:17,986 [58.36358165740967] fetch INFO: Retrieving glucose data
+2025-08-22 09:55:23,922 [64.30026197433472] fetch INFO: Retrieving glucose data
+2025-08-22 09:55:29,944 [70.32222127914429] fetch INFO: Retrieving glucose data
+2025-08-22 09:55:35,910 [76.28758978843689] fetch INFO: Retrieving glucose data
+2025-08-22 09:55:41,796 [82.17364430427551] fetch INFO: Retrieving glucose data
+2025-08-22 09:55:47,945 [88.32234954833984] fetch INFO: Retrieving glucose data
+2025-08-22 09:55:53,962 [94.33927702903748] fetch INFO: Retrieving glucose data
+2025-08-22 09:55:54,150 [94.52778577804565] service INFO: User not authenticated, authenticating
+2025-08-22 09:55:54,242 [94.61974215507507] service ERROR: Authentication Failed
+2025-08-22 09:55:59,245 [99.6224455833435] fetch INFO: Retrieving glucose data
+2025-08-22 09:55:59,389 [99.76650428771973] service INFO: User not authenticated, authenticating
+2025-08-22 09:55:59,465 [99.84299659729004] service ERROR: Authentication Failed
+2025-08-22 09:56:04,466 [104.8440728187561] fetch INFO: Retrieving glucose data
+2025-08-22 09:56:04,628 [105.00545024871826] service INFO: User not authenticated, authenticating
+2025-08-22 09:56:04,698 [105.0758695602417] service ERROR: Authentication Failed
+2025-08-22 09:56:09,704 [110.08213305473328] fetch INFO: Retrieving glucose data
+2025-08-22 09:56:09,902 [110.27992558479309] service INFO: User not authenticated, authenticating
+2025-08-22 09:56:09,978 [110.35573720932007] service ERROR: Authentication Failed
+2025-08-22 09:56:14,979 [115.35642623901367] fetch INFO: Retrieving glucose data
+2025-08-22 09:56:15,343 [115.72090005874634] service INFO: User not authenticated, authenticating
+2025-08-22 09:56:15,513 [115.89085078239441] service ERROR: Authentication Failed
+2025-08-22 09:56:20,514 [120.89217615127563] fetch INFO: Retrieving glucose data
+2025-08-22 09:56:20,674 [121.05149745941162] service INFO: User not authenticated, authenticating
+2025-08-22 09:56:20,764 [121.14226651191711] service ERROR: Authentication Failed
+2025-08-22 09:56:25,769 [126.14698028564453] fetch INFO: Retrieving glucose data
+2025-08-22 09:56:25,990 [126.36794924736023] service INFO: User not authenticated, authenticating
+2025-08-22 09:56:26,074 [126.45187497138977] service ERROR: Authentication Failed
+2025-08-22 09:56:31,078 [131.45582914352417] fetch INFO: Retrieving glucose data
+2025-08-22 09:56:31,309 [131.68694686889648] service INFO: User not authenticated, authenticating
+2025-08-22 09:56:31,391 [131.769207239151] service ERROR: Authentication Failed
+2025-08-22 09:56:36,395 [136.77247095108032] fetch INFO: Retrieving glucose data
+2025-08-22 09:56:36,575 [136.95325374603271] service INFO: User not authenticated, authenticating
+2025-08-22 09:56:36,664 [137.04214429855347] service ERROR: Authentication Failed
+2025-08-22 09:56:41,667 [142.04487109184265] fetch INFO: Retrieving glucose data
+2025-08-22 09:56:41,854 [142.23140025138855] service INFO: User not authenticated, authenticating
+2025-08-22 09:56:42,017 [142.3952398300171] service ERROR: Authentication Failed
+2025-08-22 09:56:47,018 [147.39608883857727] fetch INFO: Retrieving glucose data
+2025-08-22 09:56:47,181 [147.55838680267334] service INFO: User not authenticated, authenticating
+2025-08-22 09:56:47,257 [147.6350245475769] service ERROR: Authentication Failed
+2025-08-22 09:56:52,259 [152.63676357269287] fetch INFO: Retrieving glucose data
+2025-08-22 09:56:52,451 [152.82889008522034] service INFO: User not authenticated, authenticating
+2025-08-22 09:56:52,558 [152.93601632118225] service ERROR: Authentication Failed
+2025-08-22 09:56:57,559 [157.93637537956238] fetch INFO: Retrieving glucose data
+2025-08-22 09:56:57,744 [158.12201070785522] service INFO: User not authenticated, authenticating
+2025-08-22 09:56:57,824 [158.201593875885] service ERROR: Authentication Failed
+2025-08-22 09:57:02,828 [163.20595383644104] fetch INFO: Retrieving glucose data
+2025-08-22 09:57:02,996 [163.37364196777344] service INFO: User not authenticated, authenticating
+2025-08-22 09:57:03,059 [163.43718791007996] service ERROR: Authentication Failed
+2025-08-22 09:57:08,064 [168.44192719459534] fetch INFO: Retrieving glucose data
+2025-08-22 09:57:08,201 [168.5786452293396] service INFO: User not authenticated, authenticating
+2025-08-22 09:57:08,275 [168.65322828292847] service ERROR: Authentication Failed
+2025-08-22 09:57:13,277 [173.65489435195923] fetch INFO: Retrieving glucose data
+2025-08-22 09:57:13,438 [173.8161597251892] service INFO: User not authenticated, authenticating
+2025-08-22 09:57:13,524 [173.90136241912842] service ERROR: Authentication Failed
+2025-08-22 09:57:18,525 [178.90270900726318] fetch INFO: Retrieving glucose data
+2025-08-22 09:57:18,737 [179.11443185806274] service INFO: User not authenticated, authenticating
+2025-08-22 09:57:18,811 [179.18874526023865] service ERROR: Authentication Failed
+2025-08-22 09:57:23,812 [184.1898295879364] fetch INFO: Retrieving glucose data
+2025-08-22 09:57:23,994 [184.37155842781067] service INFO: User not authenticated, authenticating
+2025-08-22 09:57:24,075 [184.45294833183289] service ERROR: Authentication Failed
+2025-08-22 09:57:29,079 [189.45698499679565] fetch INFO: Retrieving glucose data
+2025-08-22 09:57:29,290 [189.66802191734314] service INFO: User not authenticated, authenticating
+2025-08-22 09:57:29,432 [189.81000971794128] service ERROR: Authentication Failed
+2025-08-22 09:57:34,451 [194.82831239700317] fetch INFO: Retrieving glucose data
+2025-08-22 09:57:34,772 [195.15183210372925] service INFO: User not authenticated, authenticating
+2025-08-22 09:57:34,893 [195.2711808681488] service ERROR: Authentication Failed
