+2025-10-06 20:50:57,604 [0.0] boot INFO: Adding libs and mods folder to path
+2025-10-06 20:50:57,604 [0.0] boot INFO: Starting imports
+2025-10-06 20:50:59,268 [1.664613962173462] boot INFO: Starting Application, you wont be hearing from me anymore
+2025-10-06 20:50:59,627 [2.023883104324341] ui INFO: Main frame loaded
+2025-10-06 20:50:59,630 [2.026520252227783] service INFO: Checking if service is alive
+2025-10-06 20:51:00,729 [3.125466823577881] service INFO: Service is alive
+2025-10-06 20:51:00,729 [3.125466823577881] service INFO: Checking if service version is compatible
+2025-10-06 20:51:01,664 [4.060178995132446] app INFO: Checking login status
+2025-10-06 20:51:01,664 [4.060178995132446] app INFO: Authentication complete
+2025-10-06 20:51:01,664 [4.060178995132446] app INFO: Starting background thread
+2025-10-06 20:51:01,665 [4.061180830001831] fetch INFO: Fetch task is online
+2025-10-06 20:51:01,665 [4.061180830001831] fetch INFO: Retrieving glucose data
+2025-10-06 20:51:01,704 [4.100805997848511] ui INFO: Window is active
+2025-10-06 20:51:02,759 [5.155421018600464] ui INFO: Change detected, updating display
+2025-10-06 20:51:07,729 [10.125574588775635] fetch INFO: Retrieving glucose data
+2025-10-06 20:51:13,867 [16.26375102996826] fetch INFO: Retrieving glucose data
+2025-10-06 20:51:19,886 [22.282260417938232] fetch INFO: Retrieving glucose data
+2025-10-06 20:51:25,832 [28.22811222076416] fetch INFO: Retrieving glucose data
+2025-10-06 20:51:31,899 [34.29530191421509] fetch INFO: Retrieving glucose data
+2025-10-06 20:51:38,470 [40.866541147232056] fetch INFO: Retrieving glucose data
+2025-10-06 20:51:44,492 [46.888092041015625] fetch INFO: Retrieving glucose data
+2025-10-06 20:51:50,470 [52.86623668670654] fetch INFO: Retrieving glucose data
+2025-10-06 20:51:56,495 [58.89130520820618] fetch INFO: Retrieving glucose data
+2025-10-06 20:52:02,515 [64.91180300712585] fetch INFO: Retrieving glucose data
+2025-10-06 20:52:08,685 [71.0813057422638] fetch INFO: Retrieving glucose data
+2025-10-06 20:52:14,655 [77.05118870735168] fetch INFO: Retrieving glucose data
+2025-10-06 20:52:21,120 [83.51645112037659] fetch INFO: Retrieving glucose data
+2025-10-06 20:52:27,598 [89.99447298049927] fetch INFO: Retrieving glucose data
+2025-10-06 20:52:33,977 [96.37383198738098] fetch INFO: Retrieving glucose data
+2025-10-06 20:52:39,970 [102.3660159111023] fetch INFO: Retrieving glucose data
+2025-10-06 20:52:46,125 [108.5212070941925] fetch INFO: Retrieving glucose data
+2025-10-06 20:52:52,168 [114.5641872882843] fetch INFO: Retrieving glucose data
+2025-10-06 20:52:58,175 [120.57154703140259] fetch INFO: Retrieving glucose data
+2025-10-06 20:53:04,136 [126.53193497657776] fetch INFO: Retrieving glucose data
+2025-10-06 20:53:10,190 [132.58604407310486] fetch INFO: Retrieving glucose data
+2025-10-06 20:53:16,371 [138.7671618461609] fetch INFO: Retrieving glucose data
+2025-10-06 20:53:22,489 [144.88498401641846] fetch INFO: Retrieving glucose data
+2025-10-06 20:53:28,521 [150.91719841957092] fetch INFO: Retrieving glucose data
+2025-10-06 20:53:34,933 [157.32971358299255] fetch INFO: Retrieving glucose data
+2025-10-06 20:53:40,986 [163.38251376152039] fetch INFO: Retrieving glucose data
+2025-10-06 20:53:47,030 [169.42603087425232] fetch INFO: Retrieving glucose data
+2025-10-06 20:53:53,074 [175.470782995224] fetch INFO: Retrieving glucose data
+2025-10-06 20:53:59,065 [181.46169304847717] fetch INFO: Retrieving glucose data
+2025-10-06 20:54:04,984 [187.3807783126831] fetch INFO: Retrieving glucose data
+2025-10-06 20:54:11,034 [193.43009233474731] fetch INFO: Retrieving glucose data
+2025-10-06 20:54:17,124 [199.52022457122803] fetch INFO: Retrieving glucose data
+2025-10-06 20:54:23,308 [205.70465970039368] fetch INFO: Retrieving glucose data
+2025-10-06 20:54:29,345 [211.74189686775208] fetch INFO: Retrieving glucose data
+2025-10-06 20:54:35,354 [217.75077748298645] fetch INFO: Retrieving glucose data
+2025-10-06 20:54:41,336 [223.7323281764984] fetch INFO: Retrieving glucose data
+2025-10-06 20:54:47,405 [229.8017966747284] fetch INFO: Retrieving glucose data
+2025-10-06 20:54:53,592 [235.9880497455597] fetch INFO: Retrieving glucose data
+2025-10-06 20:54:59,804 [242.2004268169403] fetch INFO: Retrieving glucose data
+2025-10-06 20:55:03,882 [246.2784571647644] ui INFO: Change detected, updating display
+2025-10-06 20:55:05,759 [248.15577459335327] fetch INFO: Retrieving glucose data
+2025-10-06 20:55:11,868 [254.263995885849] fetch INFO: Retrieving glucose data
+2025-10-06 20:55:17,824 [260.22028613090515] fetch INFO: Retrieving glucose data
+2025-10-06 20:55:23,808 [266.20397305488586] fetch INFO: Retrieving glucose data
+2025-10-06 20:55:29,960 [272.35611295700073] fetch INFO: Retrieving glucose data
+2025-10-06 20:55:35,975 [278.37148809432983] fetch INFO: Retrieving glucose data
+2025-10-06 20:55:42,096 [284.49231362342834] fetch INFO: Retrieving glucose data
+2025-10-06 20:55:48,403 [290.7992272377014] fetch INFO: Retrieving glucose data
+2025-10-06 20:55:54,893 [297.289737701416] fetch INFO: Retrieving glucose data
+2025-10-06 20:56:01,049 [303.44524931907654] fetch INFO: Retrieving glucose data
+2025-10-06 20:56:07,101 [309.49699330329895] fetch INFO: Retrieving glucose data
+2025-10-06 20:56:13,124 [315.52008867263794] fetch INFO: Retrieving glucose data
+2025-10-06 20:56:19,383 [321.7789463996887] fetch INFO: Retrieving glucose data
+2025-10-06 20:56:19,447 [321.84293937683105] service INFO: User not authenticated, authenticating
+2025-10-06 20:56:19,484 [321.88040804862976] service ERROR: Authentication Failed
+2025-10-06 20:56:24,485 [326.88190388679504] fetch INFO: Retrieving glucose data
+2025-10-06 20:56:24,557 [326.95376229286194] service INFO: User not authenticated, authenticating
+2025-10-06 20:56:24,604 [327.00075340270996] service ERROR: Authentication Failed
+2025-10-06 20:56:29,605 [332.0018982887268] fetch INFO: Retrieving glucose data
+2025-10-06 20:56:29,699 [332.0955379009247] service INFO: User not authenticated, authenticating
+2025-10-06 20:56:29,732 [332.12851667404175] service ERROR: Authentication Failed
+2025-10-06 20:56:34,733 [337.1292848587036] fetch INFO: Retrieving glucose data
+2025-10-06 20:56:34,823 [337.2197165489197] service INFO: User not authenticated, authenticating
+2025-10-06 20:56:34,853 [337.2496118545532] service ERROR: Authentication Failed
+2025-10-06 20:56:39,854 [342.25068402290344] fetch INFO: Retrieving glucose data
+2025-10-06 20:56:39,932 [342.32835030555725] service INFO: User not authenticated, authenticating
+2025-10-06 20:56:39,963 [342.35983180999756] service ERROR: Authentication Failed
+2025-10-06 20:56:44,964 [347.3607540130615] fetch INFO: Retrieving glucose data
+2025-10-06 20:56:45,036 [347.43280243873596] service INFO: User not authenticated, authenticating
+2025-10-06 20:56:45,067 [347.4638159275055] service ERROR: Authentication Failed
+2025-10-06 20:56:50,072 [352.46842670440674] fetch INFO: Retrieving glucose data
+2025-10-06 20:56:50,143 [352.53958773612976] service INFO: User not authenticated, authenticating
+2025-10-06 20:56:50,172 [352.5688636302948] service ERROR: Authentication Failed
+2025-10-06 20:56:55,173 [357.5698606967926] fetch INFO: Retrieving glucose data
+2025-10-06 20:56:55,241 [357.63740706443787] service INFO: User not authenticated, authenticating
+2025-10-06 20:56:55,270 [357.6662940979004] service ERROR: Authentication Failed
+2025-10-06 20:57:00,271 [362.6669774055481] fetch INFO: Retrieving glucose data
+2025-10-06 20:57:00,348 [362.74480509757996] service INFO: User not authenticated, authenticating
+2025-10-06 20:57:00,390 [362.7862882614136] service ERROR: Authentication Failed
+2025-10-06 20:57:05,391 [367.7872853279114] fetch INFO: Retrieving glucose data
+2025-10-06 20:57:05,461 [367.8573935031891] service INFO: User not authenticated, authenticating
+2025-10-06 20:57:05,492 [367.88794708251953] service ERROR: Authentication Failed
+2025-10-06 20:57:10,492 [372.8886663913727] fetch INFO: Retrieving glucose data
+2025-10-06 20:57:10,552 [372.9485213756561] service INFO: User not authenticated, authenticating
+2025-10-06 20:57:10,595 [372.9910936355591] service ERROR: Authentication Failed
+2025-10-06 20:57:15,597 [377.9930725097656] fetch INFO: Retrieving glucose data
+2025-10-06 20:57:15,663 [378.0594689846039] service INFO: User not authenticated, authenticating
+2025-10-06 20:57:15,694 [378.0916213989258] service ERROR: Authentication Failed
+2025-10-06 20:57:20,696 [383.0922875404358] fetch INFO: Retrieving glucose data
+2025-10-06 20:57:20,753 [383.14931321144104] service INFO: User not authenticated, authenticating
+2025-10-06 20:57:20,803 [383.1990854740143] service ERROR: Authentication Failed
+2025-10-06 20:57:25,804 [388.20015239715576] fetch INFO: Retrieving glucose data
+2025-10-06 20:57:25,868 [388.26461124420166] service INFO: User not authenticated, authenticating
+2025-10-06 20:57:25,921 [388.31787061691284] service ERROR: Authentication Failed
+2025-10-06 20:57:30,923 [393.31921100616455] fetch INFO: Retrieving glucose data
+2025-10-06 20:57:30,992 [393.3886535167694] service INFO: User not authenticated, authenticating
+2025-10-06 20:57:31,024 [393.4206850528717] service ERROR: Authentication Failed
+2025-10-06 20:57:36,034 [398.43048620224] fetch INFO: Retrieving glucose data
+2025-10-06 20:57:36,106 [398.5021975040436] service INFO: User not authenticated, authenticating
+2025-10-06 20:57:36,141 [398.53750824928284] service ERROR: Authentication Failed
+2025-10-06 20:57:41,142 [403.53807830810547] fetch INFO: Retrieving glucose data
+2025-10-06 20:57:41,219 [403.61498832702637] service INFO: User not authenticated, authenticating
+2025-10-06 20:57:41,265 [403.6612319946289] service ERROR: Authentication Failed
+2025-10-06 20:57:46,266 [408.662850856781] fetch INFO: Retrieving glucose data
+2025-10-06 20:57:46,337 [408.7331259250641] service INFO: User not authenticated, authenticating
+2025-10-06 20:57:46,389 [408.7856647968292] service ERROR: Authentication Failed
+2025-10-06 20:57:51,391 [413.78717398643494] fetch INFO: Retrieving glucose data
+2025-10-06 20:57:51,462 [413.85800099372864] service INFO: User not authenticated, authenticating
+2025-10-06 20:57:51,493 [413.88978004455566] service ERROR: Authentication Failed
+2025-10-06 20:57:56,495 [418.89104294776917] fetch INFO: Retrieving glucose data
+2025-10-06 20:57:56,590 [418.9860188961029] service INFO: User not authenticated, authenticating
+2025-10-06 20:57:56,621 [419.0172321796417] service ERROR: Authentication Failed
+2025-10-06 20:58:01,622 [424.0179696083069] fetch INFO: Retrieving glucose data
+2025-10-06 20:58:01,694 [424.0902523994446] service INFO: User not authenticated, authenticating
+2025-10-06 20:58:01,721 [424.1175343990326] service ERROR: Authentication Failed
+2025-10-06 20:58:06,723 [429.11914443969727] fetch INFO: Retrieving glucose data
+2025-10-06 20:58:06,813 [429.20921063423157] service INFO: User not authenticated, authenticating
+2025-10-06 20:58:06,843 [429.23982191085815] service ERROR: Authentication Failed
+2025-10-06 20:58:11,844 [434.2407052516937] fetch INFO: Retrieving glucose data
+2025-10-06 20:58:11,906 [434.30261969566345] service INFO: User not authenticated, authenticating
+2025-10-06 20:58:11,934 [434.33066272735596] service ERROR: Authentication Failed
+2025-10-06 20:58:16,935 [439.3315439224243] fetch INFO: Retrieving glucose data
+2025-10-06 20:58:17,022 [439.41851115226746] service INFO: User not authenticated, authenticating
+2025-10-06 20:58:17,054 [439.4508945941925] service ERROR: Authentication Failed
+2025-10-06 20:58:22,055 [444.4517123699188] fetch INFO: Retrieving glucose data
+2025-10-06 20:58:22,126 [444.5223662853241] service INFO: User not authenticated, authenticating
+2025-10-06 20:58:22,154 [444.5627567768097] service ERROR: Authentication Failed
